Archive member included to satisfy reference by file (symbol)

c:/progra~2/gnuarm~1/102020~1/bin/../lib/gcc/arm-none-eabi/10.2.1/thumb/v6-m/nofp\libgcc.a(_dvmd_tls.o)
                              CMakeFiles/la_ola_5.dir/C_/Users/Windows_10/Documents/Pico/pico-sdk/src/rp2_common/pico_divider/divider.S.obj (__aeabi_idiv0)
c:/progra~2/gnuarm~1/102020~1/bin/../lib/gcc/arm-none-eabi/10.2.1/../../../../arm-none-eabi/lib/thumb/v6-m/nofp\libg.a(lib_a-calloc.o)
                              CMakeFiles/la_ola_5.dir/C_/Users/Windows_10/Documents/Pico/pico-sdk/src/rp2_common/pico_malloc/pico_malloc.c.obj (calloc)
c:/progra~2/gnuarm~1/102020~1/bin/../lib/gcc/arm-none-eabi/10.2.1/../../../../arm-none-eabi/lib/thumb/v6-m/nofp\libg.a(lib_a-callocr.o)
                              c:/progra~2/gnuarm~1/102020~1/bin/../lib/gcc/arm-none-eabi/10.2.1/../../../../arm-none-eabi/lib/thumb/v6-m/nofp\libg.a(lib_a-calloc.o) (_calloc_r)
c:/progra~2/gnuarm~1/102020~1/bin/../lib/gcc/arm-none-eabi/10.2.1/../../../../arm-none-eabi/lib/thumb/v6-m/nofp\libg.a(lib_a-impure.o)
                              c:/progra~2/gnuarm~1/102020~1/bin/../lib/gcc/arm-none-eabi/10.2.1/../../../../arm-none-eabi/lib/thumb/v6-m/nofp\libg.a(lib_a-calloc.o) (_impure_ptr)
c:/progra~2/gnuarm~1/102020~1/bin/../lib/gcc/arm-none-eabi/10.2.1/../../../../arm-none-eabi/lib/thumb/v6-m/nofp\libg.a(lib_a-init.o)
                              c:/progra~2/gnuarm~1/102020~1/bin/../lib/gcc/arm-none-eabi/10.2.1/../../../../arm-none-eabi/lib/thumb/v6-m/nofp/crt0.o (__libc_init_array)
c:/progra~2/gnuarm~1/102020~1/bin/../lib/gcc/arm-none-eabi/10.2.1/../../../../arm-none-eabi/lib/thumb/v6-m/nofp\libg.a(lib_a-malloc.o)
                              CMakeFiles/la_ola_5.dir/C_/Users/Windows_10/Documents/Pico/pico-sdk/src/rp2_common/pico_malloc/pico_malloc.c.obj (malloc)
c:/progra~2/gnuarm~1/102020~1/bin/../lib/gcc/arm-none-eabi/10.2.1/../../../../arm-none-eabi/lib/thumb/v6-m/nofp\libg.a(lib_a-mallocr.o)
                              c:/progra~2/gnuarm~1/102020~1/bin/../lib/gcc/arm-none-eabi/10.2.1/../../../../arm-none-eabi/lib/thumb/v6-m/nofp\libg.a(lib_a-callocr.o) (_malloc_r)
c:/progra~2/gnuarm~1/102020~1/bin/../lib/gcc/arm-none-eabi/10.2.1/../../../../arm-none-eabi/lib/thumb/v6-m/nofp\libg.a(lib_a-mlock.o)
                              c:/progra~2/gnuarm~1/102020~1/bin/../lib/gcc/arm-none-eabi/10.2.1/../../../../arm-none-eabi/lib/thumb/v6-m/nofp\libg.a(lib_a-mallocr.o) (__malloc_lock)
c:/progra~2/gnuarm~1/102020~1/bin/../lib/gcc/arm-none-eabi/10.2.1/../../../../arm-none-eabi/lib/thumb/v6-m/nofp\libg.a(lib_a-sbrkr.o)
                              c:/progra~2/gnuarm~1/102020~1/bin/../lib/gcc/arm-none-eabi/10.2.1/../../../../arm-none-eabi/lib/thumb/v6-m/nofp\libg.a(lib_a-mallocr.o) (_sbrk_r)
c:/progra~2/gnuarm~1/102020~1/bin/../lib/gcc/arm-none-eabi/10.2.1/../../../../arm-none-eabi/lib/thumb/v6-m/nofp\libg.a(lib_a-strlen-stub.o)
                              CMakeFiles/la_ola_5.dir/C_/Users/Windows_10/Documents/Pico/pico-sdk/src/rp2_common/pico_stdio/stdio.c.obj (strlen)
c:/progra~2/gnuarm~1/102020~1/bin/../lib/gcc/arm-none-eabi/10.2.1/../../../../arm-none-eabi/lib/thumb/v6-m/nofp\libg.a(lib_a-freer.o)
                              c:/progra~2/gnuarm~1/102020~1/bin/../lib/gcc/arm-none-eabi/10.2.1/../../../../arm-none-eabi/lib/thumb/v6-m/nofp\libg.a(lib_a-malloc.o) (_free_r)
c:/progra~2/gnuarm~1/102020~1/bin/../lib/gcc/arm-none-eabi/10.2.1/../../../../arm-none-eabi/lib/thumb/v6-m/nofp\libg.a(lib_a-lock.o)
                              c:/progra~2/gnuarm~1/102020~1/bin/../lib/gcc/arm-none-eabi/10.2.1/../../../../arm-none-eabi/lib/thumb/v6-m/nofp\libg.a(lib_a-mlock.o) (__retarget_lock_acquire_recursive)
c:/progra~2/gnuarm~1/102020~1/bin/../lib/gcc/arm-none-eabi/10.2.1/../../../../arm-none-eabi/lib/thumb/v6-m/nofp\libg.a(lib_a-reent.o)
                              c:/progra~2/gnuarm~1/102020~1/bin/../lib/gcc/arm-none-eabi/10.2.1/../../../../arm-none-eabi/lib/thumb/v6-m/nofp\libg.a(lib_a-sbrkr.o) (errno)

Discarded input sections

 .text          0x00000000        0x0 c:/progra~2/gnuarm~1/102020~1/bin/../lib/gcc/arm-none-eabi/10.2.1/thumb/v6-m/nofp/crti.o
 .data          0x00000000        0x0 c:/progra~2/gnuarm~1/102020~1/bin/../lib/gcc/arm-none-eabi/10.2.1/thumb/v6-m/nofp/crti.o
 .bss           0x00000000        0x0 c:/progra~2/gnuarm~1/102020~1/bin/../lib/gcc/arm-none-eabi/10.2.1/thumb/v6-m/nofp/crti.o
 .data          0x00000000        0x4 c:/progra~2/gnuarm~1/102020~1/bin/../lib/gcc/arm-none-eabi/10.2.1/thumb/v6-m/nofp/crtbegin.o
 .rodata        0x00000000       0x24 c:/progra~2/gnuarm~1/102020~1/bin/../lib/gcc/arm-none-eabi/10.2.1/thumb/v6-m/nofp/crtbegin.o
 .fini_array    0x00000000        0x4 c:/progra~2/gnuarm~1/102020~1/bin/../lib/gcc/arm-none-eabi/10.2.1/thumb/v6-m/nofp/crtbegin.o
 .text          0x00000000       0x80 c:/progra~2/gnuarm~1/102020~1/bin/../lib/gcc/arm-none-eabi/10.2.1/../../../../arm-none-eabi/lib/thumb/v6-m/nofp/crt0.o
[...]
Memory Configuration

Name             Origin             Length             Attributes
FLASH            0x10000000         0x00200000         xr
RAM              0x20000000         0x00040000         xrw
SCRATCH_X        0x20040000         0x00001000         xrw
SCRATCH_Y        0x20041000         0x00001000         xrw
*default*        0x00000000         0xffffffff

Linker script and memory map

LOAD c:/progra~2/gnuarm~1/102020~1/bin/../lib/gcc/arm-none-eabi/10.2.1/thumb/v6-m/nofp/crti.o
LOAD c:/progra~2/gnuarm~1/102020~1/bin/../lib/gcc/arm-none-eabi/10.2.1/thumb/v6-m/nofp/crtbegin.o
LOAD c:/progra~2/gnuarm~1/102020~1/bin/../lib/gcc/arm-none-eabi/10.2.1/../../../../arm-none-eabi/lib/thumb/v6-m/nofp/crt0.o

.flash_begin    0x10000000        0x0
                0x10000000                __flash_binary_start = .

.boot2          0x10000000      0x100
                0x10000000                __boot2_start__ = .
 *(.boot2)
 .boot2         0x10000000      0x100 C:\Users\WINDOW~1\AppData\Local\Temp\cce2aMSm.o
                0x10000100                __boot2_end__ = .
                0x00000001                ASSERT (((__boot2_end__ - __boot2_start__) == 0x100), ERROR: Pico second stage bootloader must be 256 bytes in size)

.text           0x10000100     0x4050
                0x10000100                __logical_binary_start = .
 *(.vectors)
 .vectors       0x10000100       0xd4 CMakeFiles/la_ola_5.dir/C_/Users/Windows_10/Documents/Pico/pico-sdk/src/rp2_common/pico_standard_link/crt0.S.obj
                0x10000100                __vectors
                0x100001c0                isr_invalid
                0x100001c2                isr_nmi
                0x100001c4                isr_hardfault
                0x100001c6                isr_svcall
                0x100001c8                isr_pendsv
                0x100001ca                isr_systick
                0x100001cc                isr_irq11
                0x100001cc                isr_irq5
                0x100001cc                isr_irq23
                0x100001cc                isr_irq18
                0x100001cc                isr_irq31
                0x100001cc                isr_irq28
                0x100001cc                isr_irq19
                0x100001cc                isr_irq0
                0x100001cc                isr_irq6
                0x100001cc                isr_irq27
                0x100001cc                isr_irq12
                0x100001cc                isr_irq22
                0x100001cc                isr_irq13
                0x100001cc                isr_irq17
                0x100001cc                isr_irq14
                0x100001cc                isr_irq2
                0x100001cc                isr_irq10
                0x100001cc                isr_irq8
                0x100001cc                isr_irq24
                0x100001cc                isr_irq1
                0x100001cc                isr_irq7
                0x100001cc                isr_irq21
                0x100001cc                isr_irq20
                0x100001cc                isr_irq15
                0x100001cc                isr_irq25
                0x100001cc                __unhandled_user_irq
                0x100001cc                isr_irq4
                0x100001cc                isr_irq16
                0x100001cc                isr_irq29
                0x100001cc                isr_irq26
                0x100001cc                isr_irq3
                0x100001cc                isr_irq30
                0x100001cc                isr_irq9
                0x100001d2                unhandled_user_irq_num_in_r0
 *(.binary_info_header)
 .binary_info_header
                0x100001d4       0x14 CMakeFiles/la_ola_5.dir/C_/Users/Windows_10/Documents/Pico/pico-sdk/src/rp2_common/pico_standard_link/crt0.S.obj
                0x100001e8                __binary_info_header_end = .
 *(.reset)
 .reset         0x100001e8       0xa8 CMakeFiles/la_ola_5.dir/C_/Users/Windows_10/Documents/Pico/pico-sdk/src/rp2_common/pico_standard_link/crt0.S.obj
                0x100001e8                _entry_point
                0x10000266                __get_current_exception
 .reset         0x10000290       0x30 CMakeFiles/la_ola_5.dir/C_/Users/Windows_10/Documents/Pico/pico-sdk/src/rp2_common/pico_standard_link/binary_info.c.obj
 *(.init)
 .init          0x100002c0        0x4 c:/progra~2/gnuarm~1/102020~1/bin/../lib/gcc/arm-none-eabi/10.2.1/thumb/v6-m/nofp/crti.o
                0x100002c0                _init
 *(EXCLUDE_FILE(*libm.a: *libc.a:*lib_a-mem*.o *libgcc.a:) .text*)
 .text          0x100002c4       0x48 c:/progra~2/gnuarm~1/102020~1/bin/../lib/gcc/arm-none-eabi/10.2.1/thumb/v6-m/nofp/crtbegin.o
 .text.setup_pwm
                0x1000030c       0x88 CMakeFiles/la_ola_5.dir/la_ola_5.c.obj
                0x1000030c                setup_pwm
 .text.set_brightness
                0x10000394       0xbc CMakeFiles/la_ola_5.dir/la_ola_5.c.obj
                0x10000394                set_brightness
 .text.rotate_brightnesses
                0x10000450       0x28 CMakeFiles/la_ola_5.dir/la_ola_5.c.obj
                0x10000450                rotate_brightnesses
 .text.laola_timer_callback
                0x10000478        0xe CMakeFiles/la_ola_5.dir/la_ola_5.c.obj
                0x10000478                laola_timer_callback
 *fill*         0x10000486        0x2 
 .text.main     0x10000488       0x2c CMakeFiles/la_ola_5.dir/la_ola_5.c.obj
                0x10000488                main
 .text.gpio_set_function
                0x100004b4       0x30 CMakeFiles/la_ola_5.dir/C_/Users/Windows_10/Documents/Pico/pico-sdk/src/rp2_common/hardware_gpio/gpio.c.obj
                0x100004b4                gpio_set_function
 .text.hw_claim_lock
                0x100004e4       0x18 CMakeFiles/la_ola_5.dir/C_/Users/Windows_10/Documents/Pico/pico-sdk/src/rp2_common/hardware_claim/claim.c.obj
                0x100004e4                hw_claim_lock
 .text.hw_claim_unlock
                0x100004fc       0x14 CMakeFiles/la_ola_5.dir/C_/Users/Windows_10/Documents/Pico/pico-sdk/src/rp2_common/hardware_claim/claim.c.obj
                0x100004fc                hw_claim_unlock
 .text.hw_claim_or_assert
                0x10000510       0x36 CMakeFiles/la_ola_5.dir/C_/Users/Windows_10/Documents/Pico/pico-sdk/src/rp2_common/hardware_claim/claim.c.obj
                0x10000510                hw_claim_or_assert
 *fill*         0x10000546        0x2 
 .text.spin_locks_reset
                0x10000548       0x20 CMakeFiles/la_ola_5.dir/C_/Users/Windows_10/Documents/Pico/pico-sdk/src/rp2_common/hardware_sync/sync.c.obj
                0x10000548                spin_locks_reset
 .text.next_striped_spin_lock_num
                0x10000568       0x1c CMakeFiles/la_ola_5.dir/C_/Users/Windows_10/Documents/Pico/pico-sdk/src/rp2_common/hardware_sync/sync.c.obj
                0x10000568                next_striped_spin_lock_num
 .text.running_on_fpga
                0x10000584       0x14 CMakeFiles/la_ola_5.dir/C_/Users/Windows_10/Documents/Pico/pico-sdk/src/rp2_common/pico_platform/platform.c.obj
                0x10000584                running_on_fpga
 .text.repeating_timer_callback
                0x10000598       0x40 CMakeFiles/la_ola_5.dir/C_/Users/Windows_10/Documents/Pico/pico-sdk/src/common/pico_time/time.c.obj
 .text.alarm_pool_post_alloc_init
                0x100005d8       0x40 CMakeFiles/la_ola_5.dir/C_/Users/Windows_10/Documents/Pico/pico-sdk/src/common/pico_time/time.c.obj
 .text.timer_pool_entry_comparator
                0x10000618       0x7c CMakeFiles/la_ola_5.dir/C_/Users/Windows_10/Documents/Pico/pico-sdk/src/common/pico_time/time.c.obj
                0x10000618                timer_pool_entry_comparator
 .text.ph_add_child_node
                0x10000694       0xa4 CMakeFiles/la_ola_5.dir/C_/Users/Windows_10/Documents/Pico/pico-sdk/src/common/pico_time/time.c.obj
 .text.ph_merge_nodes
                0x10000738       0x3e CMakeFiles/la_ola_5.dir/C_/Users/Windows_10/Documents/Pico/pico-sdk/src/common/pico_time/time.c.obj
 *fill*         0x10000776        0x2 
 .text.add_alarm_under_lock
                0x10000778      0x174 CMakeFiles/la_ola_5.dir/C_/Users/Windows_10/Documents/Pico/pico-sdk/src/common/pico_time/time.c.obj
 .text.alarm_pool_alarm_callback
                0x100008ec      0x328 CMakeFiles/la_ola_5.dir/C_/Users/Windows_10/Documents/Pico/pico-sdk/src/common/pico_time/time.c.obj
 .text.alarm_pool_init_default
                0x10000c14       0x2c CMakeFiles/la_ola_5.dir/C_/Users/Windows_10/Documents/Pico/pico-sdk/src/common/pico_time/time.c.obj
                0x10000c14                alarm_pool_init_default
 .text.alarm_pool_get_default
                0x10000c40       0x2c CMakeFiles/la_ola_5.dir/C_/Users/Windows_10/Documents/Pico/pico-sdk/src/common/pico_time/time.c.obj
                0x10000c40                alarm_pool_get_default
 .text.alarm_pool_add_alarm_at
                0x10000c6c      0x170 CMakeFiles/la_ola_5.dir/C_/Users/Windows_10/Documents/Pico/pico-sdk/src/common/pico_time/time.c.obj
                0x10000c6c                alarm_pool_add_alarm_at
 .text.alarm_pool_add_repeating_timer_us
                0x10000ddc       0xa0 CMakeFiles/la_ola_5.dir/C_/Users/Windows_10/Documents/Pico/pico-sdk/src/common/pico_time/time.c.obj
                0x10000ddc                alarm_pool_add_repeating_timer_us
 .text.hardware_alarm_irq_handler
                0x10000e7c       0x8c CMakeFiles/la_ola_5.dir/C_/Users/Windows_10/Documents/Pico/pico-sdk/src/rp2_common/hardware_timer/timer.c.obj
 .text.hardware_alarm_claim
                0x10000f08       0x18 CMakeFiles/la_ola_5.dir/C_/Users/Windows_10/Documents/Pico/pico-sdk/src/rp2_common/hardware_timer/timer.c.obj
                0x10000f08                hardware_alarm_claim
 .text.time_us_64
                0x10000f20       0x18 CMakeFiles/la_ola_5.dir/C_/Users/Windows_10/Documents/Pico/pico-sdk/src/rp2_common/hardware_timer/timer.c.obj
                0x10000f20                time_us_64
 .text.hardware_alarm_set_callback
                0x10000f38       0x90 CMakeFiles/la_ola_5.dir/C_/Users/Windows_10/Documents/Pico/pico-sdk/src/rp2_common/hardware_timer/timer.c.obj
                0x10000f38                hardware_alarm_set_callback
 .text.hardware_alarm_set_target
                0x10000fc8       0xe8 CMakeFiles/la_ola_5.dir/C_/Users/Windows_10/Documents/Pico/pico-sdk/src/rp2_common/hardware_timer/timer.c.obj
                0x10000fc8                hardware_alarm_set_target
 .text.hardware_alarm_cancel
                0x100010b0       0x40 CMakeFiles/la_ola_5.dir/C_/Users/Windows_10/Documents/Pico/pico-sdk/src/rp2_common/hardware_timer/timer.c.obj
                0x100010b0                hardware_alarm_cancel
 .text.lock_init
                0x100010f0       0x10 CMakeFiles/la_ola_5.dir/C_/Users/Windows_10/Documents/Pico/pico-sdk/src/common/pico_sync/lock_core.c.obj
                0x100010f0                lock_init
 .text.mutex_init
                0x10001100       0x1a CMakeFiles/la_ola_5.dir/C_/Users/Windows_10/Documents/Pico/pico-sdk/src/common/pico_sync/mutex.c.obj
                0x10001100                mutex_init
 *fill*         0x1000111a        0x2 
 .text.ph_add_child_node
                0x1000111c       0xa4 CMakeFiles/la_ola_5.dir/C_/Users/Windows_10/Documents/Pico/pico-sdk/src/common/pico_util/pheap.c.obj
 .text.ph_merge_nodes
                0x100011c0       0x3e CMakeFiles/la_ola_5.dir/C_/Users/Windows_10/Documents/Pico/pico-sdk/src/common/pico_util/pheap.c.obj
 *fill*         0x100011fe        0x2 
 .text.ph_clear
                0x10001200       0x70 CMakeFiles/la_ola_5.dir/C_/Users/Windows_10/Documents/Pico/pico-sdk/src/common/pico_util/pheap.c.obj
                0x10001200                ph_clear
 .text.ph_post_alloc_init
                0x10001270        0xe CMakeFiles/la_ola_5.dir/C_/Users/Windows_10/Documents/Pico/pico-sdk/src/common/pico_util/pheap.c.obj
                0x10001270                ph_post_alloc_init
 *fill*         0x1000127e        0x2 
 .text.ph_merge_two_pass
                0x10001280       0xa8 CMakeFiles/la_ola_5.dir/C_/Users/Windows_10/Documents/Pico/pico-sdk/src/common/pico_util/pheap.c.obj
                0x10001280                ph_merge_two_pass
 .text.ph_remove_any_head
                0x10001328      0x108 CMakeFiles/la_ola_5.dir/C_/Users/Windows_10/Documents/Pico/pico-sdk/src/common/pico_util/pheap.c.obj
 .text.ph_remove_head
                0x10001430       0x14 CMakeFiles/la_ola_5.dir/C_/Users/Windows_10/Documents/Pico/pico-sdk/src/common/pico_util/pheap.c.obj
                0x10001430                ph_remove_head
 .text.ph_remove_and_free_node
                0x10001444       0xf8 CMakeFiles/la_ola_5.dir/C_/Users/Windows_10/Documents/Pico/pico-sdk/src/common/pico_util/pheap.c.obj
                0x10001444                ph_remove_and_free_node
 .text.runtime_init
                0x1000153c       0xcc CMakeFiles/la_ola_5.dir/C_/Users/Windows_10/Documents/Pico/pico-sdk/src/rp2_common/pico_runtime/runtime.c.obj
                0x1000153c                runtime_init
 .text._exit    0x10001608        0x4 CMakeFiles/la_ola_5.dir/C_/Users/Windows_10/Documents/Pico/pico-sdk/src/rp2_common/pico_runtime/runtime.c.obj
                0x10001608                _exit
 .text.exit     0x1000160c        0x6 CMakeFiles/la_ola_5.dir/C_/Users/Windows_10/Documents/Pico/pico-sdk/src/rp2_common/pico_runtime/runtime.c.obj
                0x1000160c                exit
 *fill*         0x10001612        0x2 
 .text.__assert_func
                0x10001614       0x3c CMakeFiles/la_ola_5.dir/C_/Users/Windows_10/Documents/Pico/pico-sdk/src/rp2_common/pico_runtime/runtime.c.obj
                0x10001614                __assert_func
 .text.panic    0x10001650       0x30 CMakeFiles/la_ola_5.dir/C_/Users/Windows_10/Documents/Pico/pico-sdk/src/rp2_common/pico_runtime/runtime.c.obj
                0x10001650                panic
 .text.clock_configure
                0x10001680       0xe8 CMakeFiles/la_ola_5.dir/C_/Users/Windows_10/Documents/Pico/pico-sdk/src/rp2_common/hardware_clocks/clocks.c.obj
                0x10001680                clock_configure
 .text.clocks_init
                0x10001768      0x124 CMakeFiles/la_ola_5.dir/C_/Users/Windows_10/Documents/Pico/pico-sdk/src/rp2_common/hardware_clocks/clocks.c.obj
                0x10001768                clocks_init
 .text.watchdog_start_tick
                0x1000188c       0x10 CMakeFiles/la_ola_5.dir/C_/Users/Windows_10/Documents/Pico/pico-sdk/src/rp2_common/hardware_watchdog/watchdog.c.obj
                0x1000188c                watchdog_start_tick
 .text.xosc_init
                0x1000189c       0x28 CMakeFiles/la_ola_5.dir/C_/Users/Windows_10/Documents/Pico/pico-sdk/src/rp2_common/hardware_xosc/xosc.c.obj
                0x1000189c                xosc_init
 .text.pll_init
                0x100018c4       0xd0 CMakeFiles/la_ola_5.dir/C_/Users/Windows_10/Documents/Pico/pico-sdk/src/rp2_common/hardware_pll/pll.c.obj
                0x100018c4                pll_init
 .text.set_raw_irq_handler_and_unlock
                0x10001994       0x28 CMakeFiles/la_ola_5.dir/C_/Users/Windows_10/Documents/Pico/pico-sdk/src/rp2_common/hardware_irq/irq.c.obj
 .text.make_branch
                0x100019bc       0x34 CMakeFiles/la_ola_5.dir/C_/Users/Windows_10/Documents/Pico/pico-sdk/src/rp2_common/hardware_irq/irq.c.obj
 .text.insert_branch_and_link
                0x100019f0       0x40 CMakeFiles/la_ola_5.dir/C_/Users/Windows_10/Documents/Pico/pico-sdk/src/rp2_common/hardware_irq/irq.c.obj
 .text.irq_is_enabled
                0x10001a30       0x38 CMakeFiles/la_ola_5.dir/C_/Users/Windows_10/Documents/Pico/pico-sdk/src/rp2_common/hardware_irq/irq.c.obj
                0x10001a30                irq_is_enabled
 .text.irq_set_mask_enabled
                0x10001a68       0x20 CMakeFiles/la_ola_5.dir/C_/Users/Windows_10/Documents/Pico/pico-sdk/src/rp2_common/hardware_irq/irq.c.obj
                0x10001a68                irq_set_mask_enabled
 .text.irq_set_enabled
                0x10001a88       0x2c CMakeFiles/la_ola_5.dir/C_/Users/Windows_10/Documents/Pico/pico-sdk/src/rp2_common/hardware_irq/irq.c.obj
                0x10001a88                irq_set_enabled
 .text.irq_get_vtable_handler
                0x10001ab4       0x30 CMakeFiles/la_ola_5.dir/C_/Users/Windows_10/Documents/Pico/pico-sdk/src/rp2_common/hardware_irq/irq.c.obj
                0x10001ab4                irq_get_vtable_handler
 .text.irq_set_exclusive_handler
                0x10001ae4       0x6c CMakeFiles/la_ola_5.dir/C_/Users/Windows_10/Documents/Pico/pico-sdk/src/rp2_common/hardware_irq/irq.c.obj
                0x10001ae4                irq_set_exclusive_handler
 .text.irq_remove_handler
                0x10001b50      0x1ac CMakeFiles/la_ola_5.dir/C_/Users/Windows_10/Documents/Pico/pico-sdk/src/rp2_common/hardware_irq/irq.c.obj
                0x10001b50                irq_remove_handler
 .text.irq_set_priority
                0x10001cfc       0x44 CMakeFiles/la_ola_5.dir/C_/Users/Windows_10/Documents/Pico/pico-sdk/src/rp2_common/hardware_irq/irq.c.obj
                0x10001cfc                irq_set_priority
 .text.irq_add_tail_to_free_list
                0x10001d40       0xf0 CMakeFiles/la_ola_5.dir/C_/Users/Windows_10/Documents/Pico/pico-sdk/src/rp2_common/hardware_irq/irq.c.obj
                0x10001d40                irq_add_tail_to_free_list
 .text.irq_init_priorities
                0x10001e30       0x16 CMakeFiles/la_ola_5.dir/C_/Users/Windows_10/Documents/Pico/pico-sdk/src/rp2_common/hardware_irq/irq.c.obj
                0x10001e30                irq_init_priorities
 .text._out_null
                0x10001e46        0x2 CMakeFiles/la_ola_5.dir/C_/Users/Windows_10/Documents/Pico/pico-sdk/src/rp2_common/pico_printf/printf.c.obj
 .text._out_fct
                0x10001e48        0xe CMakeFiles/la_ola_5.dir/C_/Users/Windows_10/Documents/Pico/pico-sdk/src/rp2_common/pico_printf/printf.c.obj
 .text._atoi    0x10001e56       0x24 CMakeFiles/la_ola_5.dir/C_/Users/Windows_10/Documents/Pico/pico-sdk/src/rp2_common/pico_printf/printf.c.obj
 .text._out_rev
                0x10001e7a       0xae CMakeFiles/la_ola_5.dir/C_/Users/Windows_10/Documents/Pico/pico-sdk/src/rp2_common/pico_printf/printf.c.obj
 .text._ntoa_format
                0x10001f28      0x112 CMakeFiles/la_ola_5.dir/C_/Users/Windows_10/Documents/Pico/pico-sdk/src/rp2_common/pico_printf/printf.c.obj
 .text._ntoa_long
                0x1000203a       0xbc CMakeFiles/la_ola_5.dir/C_/Users/Windows_10/Documents/Pico/pico-sdk/src/rp2_common/pico_printf/printf.c.obj
 .text._ntoa_long_long
                0x100020f6       0xe2 CMakeFiles/la_ola_5.dir/C_/Users/Windows_10/Documents/Pico/pico-sdk/src/rp2_common/pico_printf/printf.c.obj
 .text._etoa    0x100021d8      0x414 CMakeFiles/la_ola_5.dir/C_/Users/Windows_10/Documents/Pico/pico-sdk/src/rp2_common/pico_printf/printf.c.obj
 .text._ftoa    0x100025ec      0x354 CMakeFiles/la_ola_5.dir/C_/Users/Windows_10/Documents/Pico/pico-sdk/src/rp2_common/pico_printf/printf.c.obj
 .text._vsnprintf
                0x10002940      0x624 CMakeFiles/la_ola_5.dir/C_/Users/Windows_10/Documents/Pico/pico-sdk/src/rp2_common/pico_printf/printf.c.obj
 .text.vfctprintf
                0x10002f64       0x20 CMakeFiles/la_ola_5.dir/C_/Users/Windows_10/Documents/Pico/pico-sdk/src/rp2_common/pico_printf/printf.c.obj
                0x10002f64                vfctprintf
 .text          0x10002f84       0x10 CMakeFiles/la_ola_5.dir/C_/Users/Windows_10/Documents/Pico/pico-sdk/src/rp2_common/pico_bit_ops/bit_ops_aeabi.S.obj
 .text.rom_func_lookup
                0x10002f94       0x10 CMakeFiles/la_ola_5.dir/C_/Users/Windows_10/Documents/Pico/pico-sdk/src/rp2_common/pico_bootrom/bootrom.c.obj
                0x10002f94                rom_func_lookup
 .text.rom_data_lookup
                0x10002fa4       0x10 CMakeFiles/la_ola_5.dir/C_/Users/Windows_10/Documents/Pico/pico-sdk/src/rp2_common/pico_bootrom/bootrom.c.obj
                0x10002fa4                rom_data_lookup
 .text.rom_funcs_lookup
                0x10002fb4       0x36 CMakeFiles/la_ola_5.dir/C_/Users/Windows_10/Documents/Pico/pico-sdk/src/rp2_common/pico_bootrom/bootrom.c.obj
                0x10002fb4                rom_funcs_lookup
 *fill*         0x10002fea        0x2 
 .text.__wrap___aeabi_idiv
                0x10002fec       0x58 CMakeFiles/la_ola_5.dir/C_/Users/Windows_10/Documents/Pico/pico-sdk/src/rp2_common/pico_divider/divider.S.obj
                0x10002fec                __wrap___aeabi_idivmod
                0x10002fec                divmod_s32s32
                0x10002fec                div_s32s32
                0x10002fec                __wrap___aeabi_idiv
                0x10002ff4                divmod_s32s32_unsafe
                0x10003020                divmod_s32s32_savestate
 .text.__wrap___aeabi_uidiv
                0x10003044       0x54 CMakeFiles/la_ola_5.dir/C_/Users/Windows_10/Documents/Pico/pico-sdk/src/rp2_common/pico_divider/divider.S.obj
                0x10003044                __wrap___aeabi_uidiv
                0x10003044                __wrap___aeabi_uidivmod
                0x10003044                div_u32u32
                0x10003044                divmod_u32u32
                0x1000304c                divmod_u32u32_unsafe
                0x10003074                divmod_u32u32_savestate
 .text.__wrap___aeabi_ldiv
                0x10003098      0x430 CMakeFiles/la_ola_5.dir/C_/Users/Windows_10/Documents/Pico/pico-sdk/src/rp2_common/pico_divider/divider.S.obj
                0x10003098                div_s64s64
                0x10003098                divmod_s64s64
                0x10003098                __wrap___aeabi_ldivmod
                0x100030d0                divmod_u64u64
                0x100030d0                div_u64u64
                0x100030d0                __wrap___aeabi_uldivmod
                0x100030e0                divmod_u64u64_savestate
                0x10003108                divmod_s64s64_unsafe
                0x10003190                divmod_u64u64_unsafe
 .text.__wrap___aeabi_darithmetic
                0x100034c8       0x54 CMakeFiles/la_ola_5.dir/C_/Users/Windows_10/Documents/Pico/pico-sdk/src/rp2_common/pico_double/double_aeabi.S.obj
                0x100034c8                __wrap___aeabi_drsub
                0x100034ce                __wrap___aeabi_dsub
                0x100034e0                __wrap___aeabi_dadd
                0x100034f2                __wrap___aeabi_ddiv
                0x10003504                __wrap___aeabi_dmul
 .text.__wrap___aeabi_cdcmple
                0x1000351c       0x6c CMakeFiles/la_ola_5.dir/C_/Users/Windows_10/Documents/Pico/pico-sdk/src/rp2_common/pico_double/double_aeabi.S.obj
                0x1000351c                __wrap___aeabi_cdrcmple
                0x1000352c                __wrap___aeabi_cdcmpeq
                0x1000352c                __wrap___aeabi_cdcmple
 .text.__wrap___aeabi_dcmplt
                0x10003588        0xc CMakeFiles/la_ola_5.dir/C_/Users/Windows_10/Documents/Pico/pico-sdk/src/rp2_common/pico_double/double_aeabi.S.obj
                0x10003588                __wrap___aeabi_dcmplt
 .text.__wrap___aeabi_dcmple
                0x10003594       0x10 CMakeFiles/la_ola_5.dir/C_/Users/Windows_10/Documents/Pico/pico-sdk/src/rp2_common/pico_double/double_aeabi.S.obj
                0x10003594                __wrap___aeabi_dcmple
 .text.__wrap___aeabi_dcmpge
                0x100035a4       0x10 CMakeFiles/la_ola_5.dir/C_/Users/Windows_10/Documents/Pico/pico-sdk/src/rp2_common/pico_double/double_aeabi.S.obj
                0x100035a4                __wrap___aeabi_dcmpge
 .text.__wrap___aeabi_dcmpgt
                0x100035b4        0xa CMakeFiles/la_ola_5.dir/C_/Users/Windows_10/Documents/Pico/pico-sdk/src/rp2_common/pico_double/double_aeabi.S.obj
                0x100035b4                __wrap___aeabi_dcmpgt
 .text.__wrap___aeabi_dcmpun
                0x100035be       0x1c CMakeFiles/la_ola_5.dir/C_/Users/Windows_10/Documents/Pico/pico-sdk/src/rp2_common/pico_double/double_aeabi.S.obj
                0x100035be                __wrap___aeabi_dcmpun
 *fill*         0x100035da        0x2 
 .text.__wrap___aeabi_i2d
                0x100035dc       0x38 CMakeFiles/la_ola_5.dir/C_/Users/Windows_10/Documents/Pico/pico-sdk/src/rp2_common/pico_double/double_aeabi.S.obj
                0x100035dc                __wrap___aeabi_ui2d
                0x100035e4                __wrap___aeabi_i2d
 .text.__wrap___aeabi_d2iz
                0x10003614       0x48 CMakeFiles/la_ola_5.dir/C_/Users/Windows_10/Documents/Pico/pico-sdk/src/rp2_common/pico_double/double_aeabi.S.obj
                0x10003614                double2int_z
                0x10003614                __wrap___aeabi_d2iz
 .text.__wrap___aeabi_d2uiz
                0x1000365c       0x18 CMakeFiles/la_ola_5.dir/C_/Users/Windows_10/Documents/Pico/pico-sdk/src/rp2_common/pico_double/double_aeabi.S.obj
                0x1000365c                __wrap___aeabi_d2uiz
                0x1000365c                double2uint
 .text.__aeabi_double_init
                0x10003674       0xb8 CMakeFiles/la_ola_5.dir/C_/Users/Windows_10/Documents/Pico/pico-sdk/src/rp2_common/pico_double/double_init_rom.c.obj
                0x10003674                __aeabi_double_init
 .text.double_table_shim_on_use_helper
                0x1000372c       0x34 CMakeFiles/la_ola_5.dir/C_/Users/Windows_10/Documents/Pico/pico-sdk/src/rp2_common/pico_double/double_v1_rom_shim.S.obj
                0x1000372c                double_table_shim_on_use_helper
 .text.__wrap___aeabi_dsub
                0x10003760       0x10 CMakeFiles/la_ola_5.dir/C_/Users/Windows_10/Documents/Pico/pico-sdk/src/rp2_common/pico_double/double_v1_rom_shim.S.obj
                0x10003760                drsub_shim
                0x10003766                dsub_shim
 .text.dadd_shim
                0x10003770      0x15c CMakeFiles/la_ola_5.dir/C_/Users/Windows_10/Documents/Pico/pico-sdk/src/rp2_common/pico_double/double_v1_rom_shim.S.obj
                0x10003770                dadd_shim
 .text.dmul_shim
                0x100038cc      0x15c CMakeFiles/la_ola_5.dir/C_/Users/Windows_10/Documents/Pico/pico-sdk/src/rp2_common/pico_double/double_v1_rom_shim.S.obj
                0x100038cc                dmul_shim
 .text.ddiv_shim
                0x10003a28      0x1b0 CMakeFiles/la_ola_5.dir/C_/Users/Windows_10/Documents/Pico/pico-sdk/src/rp2_common/pico_double/double_v1_rom_shim.S.obj
                0x10003a28                ddiv_shim
 .text.dcordic_rot_step
                0x10003bd8       0x7c CMakeFiles/la_ola_5.dir/C_/Users/Windows_10/Documents/Pico/pico-sdk/src/rp2_common/pico_double/double_v1_rom_shim.S.obj
                0x10003bd8                dcordic_rot_step
 .text.double2uint_shim
                0x10003c54        0xe CMakeFiles/la_ola_5.dir/C_/Users/Windows_10/Documents/Pico/pico-sdk/src/rp2_common/pico_double/double_v1_rom_shim.S.obj
                0x10003c54                double2uint_shim
                0x10003c56                double2ufix_shim
 *fill*         0x10003c62        0x2 
 .text.double2uint64_shim
                0x10003c64       0x6c CMakeFiles/la_ola_5.dir/C_/Users/Windows_10/Documents/Pico/pico-sdk/src/rp2_common/pico_double/double_v1_rom_shim.S.obj
                0x10003c64                double2uint64_shim
                0x10003c66                double2ufix64_shim
                0x10003c80                d2fix_a
 .text.dunpacks
                0x10003cd0       0x3c CMakeFiles/la_ola_5.dir/C_/Users/Windows_10/Documents/Pico/pico-sdk/src/rp2_common/pico_double/double_v1_rom_shim.S.obj
                0x10003cd0                dunpacks
 .text.__aeabi_float_init
                0x10003d0c       0xfc CMakeFiles/la_ola_5.dir/C_/Users/Windows_10/Documents/Pico/pico-sdk/src/rp2_common/pico_float/float_init_rom.c.obj
                0x10003d0c                __aeabi_float_init
 .text.float_table_shim_on_use_helper
                0x10003e08       0x34 CMakeFiles/la_ola_5.dir/C_/Users/Windows_10/Documents/Pico/pico-sdk/src/rp2_common/pico_float/float_v1_rom_shim.S.obj
                0x10003e08                float_table_shim_on_use_helper
 .text          0x10003e3c       0x10 CMakeFiles/la_ola_5.dir/C_/Users/Windows_10/Documents/Pico/pico-sdk/src/rp2_common/pico_mem_ops/mem_ops_aeabi.S.obj
                0x10003e3c                __aeabi_mem_init
 .text.memset   0x10003e4c        0xc CMakeFiles/la_ola_5.dir/C_/Users/Windows_10/Documents/Pico/pico-sdk/src/rp2_common/pico_mem_ops/mem_ops_aeabi.S.obj
                0x10003e4c                __wrap_memset
 .text.memcpy   0x10003e58        0xc CMakeFiles/la_ola_5.dir/C_/Users/Windows_10/Documents/Pico/pico-sdk/src/rp2_common/pico_mem_ops/mem_ops_aeabi.S.obj
                0x10003e58                __wrap_memcpy
                0x10003e58                __wrap___aeabi_memcpy
 .text.stdio_out_chars_crlf
                0x10003e64       0x80 CMakeFiles/la_ola_5.dir/C_/Users/Windows_10/Documents/Pico/pico-sdk/src/rp2_common/pico_stdio/stdio.c.obj
 .text.stdio_stack_buffer_flush
                0x10003ee4       0x44 CMakeFiles/la_ola_5.dir/C_/Users/Windows_10/Documents/Pico/pico-sdk/src/rp2_common/pico_stdio/stdio.c.obj
 .text.stdio_buffered_printer
                0x10003f28       0x20 CMakeFiles/la_ola_5.dir/C_/Users/Windows_10/Documents/Pico/pico-sdk/src/rp2_common/pico_stdio/stdio.c.obj
 .text.stdout_serialize_begin
                0x10003f48       0x2c CMakeFiles/la_ola_5.dir/C_/Users/Windows_10/Documents/Pico/pico-sdk/src/rp2_common/pico_stdio/stdio.c.obj
                0x10003f48                stdout_serialize_begin
 .text.stdout_serialize_end
                0x10003f74       0x10 CMakeFiles/la_ola_5.dir/C_/Users/Windows_10/Documents/Pico/pico-sdk/src/rp2_common/pico_stdio/stdio.c.obj
                0x10003f74                stdout_serialize_end
 .text.stdio_put_string
                0x10003f84       0x84 CMakeFiles/la_ola_5.dir/C_/Users/Windows_10/Documents/Pico/pico-sdk/src/rp2_common/pico_stdio/stdio.c.obj
 .text.stdio_flush
                0x10004008       0x20 CMakeFiles/la_ola_5.dir/C_/Users/Windows_10/Documents/Pico/pico-sdk/src/rp2_common/pico_stdio/stdio.c.obj
                0x10004008                stdio_flush
 .text.__wrap_puts
                0x10004028       0x1c CMakeFiles/la_ola_5.dir/C_/Users/Windows_10/Documents/Pico/pico-sdk/src/rp2_common/pico_stdio/stdio.c.obj
                0x10004028                __wrap_puts
 .text.__wrap_vprintf
                0x10004044       0x44 CMakeFiles/la_ola_5.dir/C_/Users/Windows_10/Documents/Pico/pico-sdk/src/rp2_common/pico_stdio/stdio.c.obj
                0x10004044                __wrap_vprintf
 .text.__wrap_printf
                0x10004088       0x18 CMakeFiles/la_ola_5.dir/C_/Users/Windows_10/Documents/Pico/pico-sdk/src/rp2_common/pico_stdio/stdio.c.obj
                0x10004088                __wrap_printf
 .text.strlen   0x100040a0       0x5c c:/progra~2/gnuarm~1/102020~1/bin/../lib/gcc/arm-none-eabi/10.2.1/../../../../arm-none-eabi/lib/thumb/v6-m/nofp\libg.a(lib_a-strlen-stub.o)
                0x100040a0                strlen
 *(.fini)
 .fini          0x100040fc        0x4 c:/progra~2/gnuarm~1/102020~1/bin/../lib/gcc/arm-none-eabi/10.2.1/thumb/v6-m/nofp/crti.o
                0x100040fc                _fini
 .fini.__stub   0x10004100       0x50 linker stubs
 *crtbegin.o(.ctors)
 *crtbegin?.o(.ctors)
 *(EXCLUDE_FILE(*crtend.o *crtend?.o) .ctors)
 *(SORT_BY_NAME(.ctors.*))
 *(.ctors)
 *crtbegin.o(.dtors)
 *crtbegin?.o(.dtors)
 *(EXCLUDE_FILE(*crtend.o *crtend?.o) .dtors)
 *(SORT_BY_NAME(.dtors.*))
 *(.dtors)
 *(.eh_frame*)
 .eh_frame      0x10004150        0x0 c:/progra~2/gnuarm~1/102020~1/bin/../lib/gcc/arm-none-eabi/10.2.1/thumb/v6-m/nofp/crtbegin.o
                0x10004150                . = ALIGN (0x4)

.glue_7         0x10004150        0x0
 .glue_7        0x10004150        0x0 linker stubs

.glue_7t        0x10004150        0x0
 .glue_7t       0x10004150        0x0 linker stubs

.vfp11_veneer   0x10004150        0x0
 .vfp11_veneer  0x10004150        0x0 linker stubs

.v4_bx          0x10004150        0x0
 .v4_bx         0x10004150        0x0 linker stubs

.iplt           0x10004150        0x0
 .iplt          0x10004150        0x0 c:/progra~2/gnuarm~1/102020~1/bin/../lib/gcc/arm-none-eabi/10.2.1/thumb/v6-m/nofp/crtbegin.o

.rodata         0x10004150      0xee8
 *(EXCLUDE_FILE(*libm.a: *libc.a:*lib_a-mem*.o *libgcc.a:) .rodata*)
 .rodata.setup_pwm.str1.4
                0x10004150       0x73 CMakeFiles/la_ola_5.dir/la_ola_5.c.obj
 *fill*         0x100041c3        0x1 
 .rodata.__func__.0
                0x100041c4       0x14 CMakeFiles/la_ola_5.dir/la_ola_5.c.obj
 .rodata.__func__.1
                0x100041d8       0x13 CMakeFiles/la_ola_5.dir/la_ola_5.c.obj
 *fill*         0x100041eb        0x1 
 .rodata.__func__.2
                0x100041ec       0x16 CMakeFiles/la_ola_5.dir/la_ola_5.c.obj
 *fill*         0x10004202        0x2 
 .rodata.__func__.3
                0x10004204       0x16 CMakeFiles/la_ola_5.dir/la_ola_5.c.obj
 *fill*         0x1000421a        0x2 
 .rodata.repeating_timer_callback.str1.4
                0x1000421c       0x5c CMakeFiles/la_ola_5.dir/C_/Users/Windows_10/Documents/Pico/pico-sdk/src/common/pico_time/time.c.obj
 .rodata.alarm_pool_dump_key.str1.4
                0x10004278       0x33 CMakeFiles/la_ola_5.dir/C_/Users/Windows_10/Documents/Pico/pico-sdk/src/common/pico_time/time.c.obj
 *fill*         0x100042ab        0x1 
 .rodata.ph_add_child_node.str1.4
                0x100042ac       0xa2 CMakeFiles/la_ola_5.dir/C_/Users/Windows_10/Documents/Pico/pico-sdk/src/common/pico_time/time.c.obj
 *fill*         0x1000434e        0x2 
 .rodata.add_alarm_under_lock.str1.4
                0x10004350       0x28 CMakeFiles/la_ola_5.dir/C_/Users/Windows_10/Documents/Pico/pico-sdk/src/common/pico_time/time.c.obj
                                 0x2b (size before relaxing)
 .rodata.alarm_pool_alarm_callback.str1.4
                0x10004378       0xf2 CMakeFiles/la_ola_5.dir/C_/Users/Windows_10/Documents/Pico/pico-sdk/src/common/pico_time/time.c.obj
 *fill*         0x1000446a        0x2 
 .rodata.alarm_pool_get_default.str1.4
                0x1000446c       0x21 CMakeFiles/la_ola_5.dir/C_/Users/Windows_10/Documents/Pico/pico-sdk/src/common/pico_time/time.c.obj
 *fill*         0x1000448d        0x3 
 .rodata.__func__.0
                0x10004490       0x19 CMakeFiles/la_ola_5.dir/C_/Users/Windows_10/Documents/Pico/pico-sdk/src/common/pico_time/time.c.obj
 *fill*         0x100044a9        0x3 
 .rodata.__func__.10
                0x100044ac       0x15 CMakeFiles/la_ola_5.dir/C_/Users/Windows_10/Documents/Pico/pico-sdk/src/common/pico_time/time.c.obj
 *fill*         0x100044c1        0x3 
 .rodata.__func__.11
                0x100044c4       0x1a CMakeFiles/la_ola_5.dir/C_/Users/Windows_10/Documents/Pico/pico-sdk/src/common/pico_time/time.c.obj
 *fill*         0x100044de        0x2 
 .rodata.__func__.12
                0x100044e0        0xa CMakeFiles/la_ola_5.dir/C_/Users/Windows_10/Documents/Pico/pico-sdk/src/common/pico_time/time.c.obj
 *fill*         0x100044ea        0x2 
 .rodata.__func__.3
                0x100044ec       0x17 CMakeFiles/la_ola_5.dir/C_/Users/Windows_10/Documents/Pico/pico-sdk/src/common/pico_time/time.c.obj
 *fill*         0x10004503        0x1 
 .rodata.__func__.4
                0x10004504       0x12 CMakeFiles/la_ola_5.dir/C_/Users/Windows_10/Documents/Pico/pico-sdk/src/common/pico_time/time.c.obj
 *fill*         0x10004516        0x2 
 .rodata.__func__.5
                0x10004518        0xd CMakeFiles/la_ola_5.dir/C_/Users/Windows_10/Documents/Pico/pico-sdk/src/common/pico_time/time.c.obj
 *fill*         0x10004525        0x3 
 .rodata.__func__.6
                0x10004528       0x12 CMakeFiles/la_ola_5.dir/C_/Users/Windows_10/Documents/Pico/pico-sdk/src/common/pico_time/time.c.obj
 *fill*         0x1000453a        0x2 
 .rodata.__func__.7
                0x1000453c        0xf CMakeFiles/la_ola_5.dir/C_/Users/Windows_10/Documents/Pico/pico-sdk/src/common/pico_time/time.c.obj
 *fill*         0x1000454b        0x1 
 .rodata.__func__.8
                0x1000454c        0xc CMakeFiles/la_ola_5.dir/C_/Users/Windows_10/Documents/Pico/pico-sdk/src/common/pico_time/time.c.obj
 .rodata.__func__.9
                0x10004558       0x15 CMakeFiles/la_ola_5.dir/C_/Users/Windows_10/Documents/Pico/pico-sdk/src/common/pico_time/time.c.obj
 *fill*         0x1000456d        0x3 
 .rodata.hardware_alarm_claim.str1.4
                0x10004570       0x22 CMakeFiles/la_ola_5.dir/C_/Users/Windows_10/Documents/Pico/pico-sdk/src/rp2_common/hardware_timer/timer.c.obj
 *fill*         0x10004592        0x2 
 .rodata.hardware_alarm_set_target.str1.4
                0x10004594       0x76 CMakeFiles/la_ola_5.dir/C_/Users/Windows_10/Documents/Pico/pico-sdk/src/rp2_common/hardware_timer/timer.c.obj
 *fill*         0x1000460a        0x2 
 .rodata.__func__.0
                0x1000460c       0x1a CMakeFiles/la_ola_5.dir/C_/Users/Windows_10/Documents/Pico/pico-sdk/src/rp2_common/hardware_timer/timer.c.obj
 *fill*         0x10004626        0x2 
 .rodata.str1.4
                0x10004628       0x70 CMakeFiles/la_ola_5.dir/C_/Users/Windows_10/Documents/Pico/pico-sdk/src/common/pico_sync/mutex.c.obj
                                 0xe0 (size before relaxing)
 .rodata.__func__.0
                0x10004698        0xb CMakeFiles/la_ola_5.dir/C_/Users/Windows_10/Documents/Pico/pico-sdk/src/common/pico_sync/mutex.c.obj
 *fill*         0x100046a3        0x1 
 .rodata.__func__.3
                0x100046a4       0x15 CMakeFiles/la_ola_5.dir/C_/Users/Windows_10/Documents/Pico/pico-sdk/src/common/pico_sync/mutex.c.obj
 .rodata.ph_add_child_node.str1.4
                0x100046b9       0xa2 CMakeFiles/la_ola_5.dir/C_/Users/Windows_10/Documents/Pico/pico-sdk/src/common/pico_util/pheap.c.obj
 *fill*         0x100046b9        0x3 
 .rodata.ph_remove_any_head.str1.4
                0x100046bc       0xa0 CMakeFiles/la_ola_5.dir/C_/Users/Windows_10/Documents/Pico/pico-sdk/src/common/pico_util/pheap.c.obj
 .rodata.ph_remove_and_free_node.str1.4
                0x1000475c       0x26 CMakeFiles/la_ola_5.dir/C_/Users/Windows_10/Documents/Pico/pico-sdk/src/common/pico_util/pheap.c.obj
 *fill*         0x10004782        0x2 
 .rodata.__func__.0
                0x10004784       0x18 CMakeFiles/la_ola_5.dir/C_/Users/Windows_10/Documents/Pico/pico-sdk/src/common/pico_util/pheap.c.obj
 .rodata.__func__.1
                0x1000479c       0x13 CMakeFiles/la_ola_5.dir/C_/Users/Windows_10/Documents/Pico/pico-sdk/src/common/pico_util/pheap.c.obj
 *fill*         0x100047af        0x1 
 .rodata.__func__.2
                0x100047b0       0x12 CMakeFiles/la_ola_5.dir/C_/Users/Windows_10/Documents/Pico/pico-sdk/src/common/pico_util/pheap.c.obj
 *fill*         0x100047c2        0x2 
 .rodata.__func__.3
                0x100047c4        0xc CMakeFiles/la_ola_5.dir/C_/Users/Windows_10/Documents/Pico/pico-sdk/src/common/pico_util/pheap.c.obj
 .rodata.__assert_func.str1.4
                0x100047d0       0x3f CMakeFiles/la_ola_5.dir/C_/Users/Windows_10/Documents/Pico/pico-sdk/src/rp2_common/pico_runtime/runtime.c.obj
                                 0x43 (size before relaxing)
 *fill*         0x1000480f        0x1 
 .rodata.panic.str1.4
                0x10004810       0x12 CMakeFiles/la_ola_5.dir/C_/Users/Windows_10/Documents/Pico/pico-sdk/src/rp2_common/pico_runtime/runtime.c.obj
 *fill*         0x10004822        0x2 
 .rodata.clock_configure.str1.4
                0x10004824       0x68 CMakeFiles/la_ola_5.dir/C_/Users/Windows_10/Documents/Pico/pico-sdk/src/rp2_common/hardware_clocks/clocks.c.obj
 .rodata.__func__.1
                0x1000488c       0x10 CMakeFiles/la_ola_5.dir/C_/Users/Windows_10/Documents/Pico/pico-sdk/src/rp2_common/hardware_clocks/clocks.c.obj
 .rodata.pll_init.str1.4
                0x1000489c       0xeb CMakeFiles/la_ola_5.dir/C_/Users/Windows_10/Documents/Pico/pico-sdk/src/rp2_common/hardware_pll/pll.c.obj
 *fill*         0x10004987        0x1 
 .rodata.__func__.0
                0x10004988        0x9 CMakeFiles/la_ola_5.dir/C_/Users/Windows_10/Documents/Pico/pico-sdk/src/rp2_common/hardware_pll/pll.c.obj
 *fill*         0x10004991        0x3 
 .rodata.make_branch.str1.4
                0x10004994       0x5e CMakeFiles/la_ola_5.dir/C_/Users/Windows_10/Documents/Pico/pico-sdk/src/rp2_common/hardware_irq/irq.c.obj
 *fill*         0x100049f2        0x2 
 .rodata.irq_is_enabled.str1.4
                0x100049f4        0xe CMakeFiles/la_ola_5.dir/C_/Users/Windows_10/Documents/Pico/pico-sdk/src/rp2_common/hardware_irq/irq.c.obj
 *fill*         0x10004a02        0x2 
 .rodata.irq_set_exclusive_handler.str1.4
                0x10004a04       0x36 CMakeFiles/la_ola_5.dir/C_/Users/Windows_10/Documents/Pico/pico-sdk/src/rp2_common/hardware_irq/irq.c.obj
 *fill*         0x10004a3a        0x2 
 .rodata.irq_add_shared_handler.str1.4
                0x10004a3c       0xd9 CMakeFiles/la_ola_5.dir/C_/Users/Windows_10/Documents/Pico/pico-sdk/src/rp2_common/hardware_irq/irq.c.obj
 *fill*         0x10004b15        0x3 
 .rodata.irq_remove_handler.str1.4
                0x10004b18       0x2a CMakeFiles/la_ola_5.dir/C_/Users/Windows_10/Documents/Pico/pico-sdk/src/rp2_common/hardware_irq/irq.c.obj
 *fill*         0x10004b42        0x2 
 .rodata.irq_add_tail_to_free_list.str1.4
                0x10004b44       0x32 CMakeFiles/la_ola_5.dir/C_/Users/Windows_10/Documents/Pico/pico-sdk/src/rp2_common/hardware_irq/irq.c.obj
                                 0x3a (size before relaxing)
 *fill*         0x10004b76        0x2 
 .rodata.__func__.0
                0x10004b78       0x1a CMakeFiles/la_ola_5.dir/C_/Users/Windows_10/Documents/Pico/pico-sdk/src/rp2_common/hardware_irq/irq.c.obj
 *fill*         0x10004b92        0x2 
 .rodata.__func__.1
                0x10004b94       0x17 CMakeFiles/la_ola_5.dir/C_/Users/Windows_10/Documents/Pico/pico-sdk/src/rp2_common/hardware_irq/irq.c.obj
 *fill*         0x10004bab        0x1 
 .rodata.__func__.2
                0x10004bac       0x13 CMakeFiles/la_ola_5.dir/C_/Users/Windows_10/Documents/Pico/pico-sdk/src/rp2_common/hardware_irq/irq.c.obj
 *fill*         0x10004bbf        0x1 
 .rodata.__func__.3
                0x10004bc0        0xc CMakeFiles/la_ola_5.dir/C_/Users/Windows_10/Documents/Pico/pico-sdk/src/rp2_common/hardware_irq/irq.c.obj
 .rodata.__func__.4
                0x10004bcc        0xf CMakeFiles/la_ola_5.dir/C_/Users/Windows_10/Documents/Pico/pico-sdk/src/rp2_common/hardware_irq/irq.c.obj
 *fill*         0x10004bdb        0x1 
 .rodata.__func__.6
                0x10004bdc       0x1a CMakeFiles/la_ola_5.dir/C_/Users/Windows_10/Documents/Pico/pico-sdk/src/rp2_common/hardware_irq/irq.c.obj
 *fill*         0x10004bf6        0x2 
 .rodata.__func__.7
                0x10004bf8       0x10 CMakeFiles/la_ola_5.dir/C_/Users/Windows_10/Documents/Pico/pico-sdk/src/rp2_common/hardware_irq/irq.c.obj
 .rodata._ftoa.str1.4
                0x10004c08       0x15 CMakeFiles/la_ola_5.dir/C_/Users/Windows_10/Documents/Pico/pico-sdk/src/rp2_common/pico_printf/printf.c.obj
 *fill*         0x10004c1d        0x3 
 .rodata._vsnprintf
                0x10004c20      0x1e0 CMakeFiles/la_ola_5.dir/C_/Users/Windows_10/Documents/Pico/pico-sdk/src/rp2_common/pico_printf/printf.c.obj
 .rodata.pow10.0
                0x10004e00       0x50 CMakeFiles/la_ola_5.dir/C_/Users/Windows_10/Documents/Pico/pico-sdk/src/rp2_common/pico_printf/printf.c.obj
 .rodata.__aeabi_double_init.str1.4
                0x10004e50       0xb9 CMakeFiles/la_ola_5.dir/C_/Users/Windows_10/Documents/Pico/pico-sdk/src/rp2_common/pico_double/double_init_rom.c.obj
 *fill*         0x10004f09        0x3 
 .rodata.__func__.0
                0x10004f0c       0x14 CMakeFiles/la_ola_5.dir/C_/Users/Windows_10/Documents/Pico/pico-sdk/src/rp2_common/pico_double/double_init_rom.c.obj
 .rodata.__aeabi_float_init.str1.4
                0x10004f20       0x8b CMakeFiles/la_ola_5.dir/C_/Users/Windows_10/Documents/Pico/pico-sdk/src/rp2_common/pico_float/float_init_rom.c.obj
                                 0x8f (size before relaxing)
 *fill*         0x10004fab        0x1 
 .rodata.__func__.0
                0x10004fac       0x13 CMakeFiles/la_ola_5.dir/C_/Users/Windows_10/Documents/Pico/pico-sdk/src/rp2_common/pico_float/float_init_rom.c.obj
 *fill*         0x10004fbf        0x1 
 .rodata.str1.4
                0x10004fc0       0x44 CMakeFiles/la_ola_5.dir/C_/Users/Windows_10/Documents/Pico/pico-sdk/src/rp2_common/pico_standard_link/binary_info.c.obj
 .rodata.__bi_41
                0x10005004        0xc CMakeFiles/la_ola_5.dir/C_/Users/Windows_10/Documents/Pico/pico-sdk/src/rp2_common/pico_standard_link/binary_info.c.obj
 .rodata.__bi_53
                0x10005010        0xc CMakeFiles/la_ola_5.dir/C_/Users/Windows_10/Documents/Pico/pico-sdk/src/rp2_common/pico_standard_link/binary_info.c.obj
 .rodata.__bi_72
                0x1000501c        0xc CMakeFiles/la_ola_5.dir/C_/Users/Windows_10/Documents/Pico/pico-sdk/src/rp2_common/pico_standard_link/binary_info.c.obj
 .rodata.__bi_78
                0x10005028        0xc CMakeFiles/la_ola_5.dir/C_/Users/Windows_10/Documents/Pico/pico-sdk/src/rp2_common/pico_standard_link/binary_info.c.obj
 .rodata.crlf_str.2
                0x10005034        0x2 CMakeFiles/la_ola_5.dir/C_/Users/Windows_10/Documents/Pico/pico-sdk/src/rp2_common/pico_stdio/stdio.c.obj
                0x10005038                . = ALIGN (0x4)
 *fill*         0x10005036        0x2 
 *(SORT_BY_ALIGNMENT(SORT_BY_NAME(.flashdata*)))
                0x10005038                . = ALIGN (0x4)

.rel.dyn        0x10005038        0x0
 .rel.iplt      0x10005038        0x0 c:/progra~2/gnuarm~1/102020~1/bin/../lib/gcc/arm-none-eabi/10.2.1/thumb/v6-m/nofp/crtbegin.o

.ARM.extab
 *(.ARM.extab* .gnu.linkonce.armextab.*)
                0x10005038                __exidx_start = .

.ARM.exidx
 *(.ARM.exidx* .gnu.linkonce.armexidx.*)
                0x10005038                __exidx_end = .
                0x10005038                . = ALIGN (0x4)
                0x10005038                __binary_info_start = .

.binary_info    0x10005038       0x20
 *(.binary_info.keep.*)
 .binary_info.keep.__bi_ptr19
                0x10005038        0x4 CMakeFiles/la_ola_5.dir/C_/Users/Windows_10/Documents/Pico/pico-sdk/src/rp2_common/pico_standard_link/binary_info.c.obj
 .binary_info.keep.__bi_ptr27
                0x1000503c        0x4 CMakeFiles/la_ola_5.dir/C_/Users/Windows_10/Documents/Pico/pico-sdk/src/rp2_common/pico_standard_link/binary_info.c.obj
 .binary_info.keep.__bi_ptr35
                0x10005040        0x4 CMakeFiles/la_ola_5.dir/C_/Users/Windows_10/Documents/Pico/pico-sdk/src/rp2_common/pico_standard_link/binary_info.c.obj
 .binary_info.keep.__bi_ptr41
                0x10005044        0x4 CMakeFiles/la_ola_5.dir/C_/Users/Windows_10/Documents/Pico/pico-sdk/src/rp2_common/pico_standard_link/binary_info.c.obj
 .binary_info.keep.__bi_ptr47
                0x10005048        0x4 CMakeFiles/la_ola_5.dir/C_/Users/Windows_10/Documents/Pico/pico-sdk/src/rp2_common/pico_standard_link/binary_info.c.obj
 .binary_info.keep.__bi_ptr53
                0x1000504c        0x4 CMakeFiles/la_ola_5.dir/C_/Users/Windows_10/Documents/Pico/pico-sdk/src/rp2_common/pico_standard_link/binary_info.c.obj
 .binary_info.keep.__bi_ptr72
                0x10005050        0x4 CMakeFiles/la_ola_5.dir/C_/Users/Windows_10/Documents/Pico/pico-sdk/src/rp2_common/pico_standard_link/binary_info.c.obj
 .binary_info.keep.__bi_ptr78
                0x10005054        0x4 CMakeFiles/la_ola_5.dir/C_/Users/Windows_10/Documents/Pico/pico-sdk/src/rp2_common/pico_standard_link/binary_info.c.obj
 *(.binary_info.*)
                0x10005058                __binary_info_end = .
                0x10005058                . = ALIGN (0x4)
                0x10005058                __etext = .

.ram_vector_table
                0x20000000       0xc0
 *(.ram_vector_table)
 .ram_vector_table
                0x20000000       0xc0 CMakeFiles/la_ola_5.dir/C_/Users/Windows_10/Documents/Pico/pico-sdk/src/rp2_common/pico_runtime/runtime.c.obj
                0x20000000                ram_vector_table

.data           0x200000c0      0x1ec load address 0x10005058
                0x200000c0                __data_start__ = .
 *(vtable)
 *(.time_critical*)
 .time_critical.mutex_enter_blocking
                0x200000c0       0x64 CMakeFiles/la_ola_5.dir/C_/Users/Windows_10/Documents/Pico/pico-sdk/src/common/pico_sync/mutex.c.obj
                0x200000c0                mutex_enter_blocking
 .time_critical.mutex_try_enter
                0x20000124       0x46 CMakeFiles/la_ola_5.dir/C_/Users/Windows_10/Documents/Pico/pico-sdk/src/common/pico_sync/mutex.c.obj
                0x20000124                mutex_try_enter
 *fill*         0x2000016a        0x2 
 .time_critical.mutex_exit
                0x2000016c       0x4c CMakeFiles/la_ola_5.dir/C_/Users/Windows_10/Documents/Pico/pico-sdk/src/common/pico_sync/mutex.c.obj
                0x2000016c                mutex_exit
 *(.text*)
 .text          0x200001b8        0x4 c:/progra~2/gnuarm~1/102020~1/bin/../lib/gcc/arm-none-eabi/10.2.1/thumb/v6-m/nofp\libgcc.a(_dvmd_tls.o)
                0x200001b8                __aeabi_idiv0
                0x200001b8                __aeabi_ldiv0
 *fill*         0x200001bc        0x4 
 .text.__stub   0x200001c0       0x10 linker stubs
                0x200001d0                . = ALIGN (0x4)
 *(.rodata*)
                0x200001d0                . = ALIGN (0x4)
 *(.data*)
 .data.brightnesses
                0x200001d0       0x20 CMakeFiles/la_ola_5.dir/la_ola_5.c.obj
                0x200001d0                brightnesses
 .data.striped_spin_lock_num
                0x200001f0        0x1 CMakeFiles/la_ola_5.dir/C_/Users/Windows_10/Documents/Pico/pico-sdk/src/rp2_common/hardware_sync/sync.c.obj
 *fill*         0x200001f1        0x3 
 .data.default_alarm_pool
                0x200001f4       0x18 CMakeFiles/la_ola_5.dir/C_/Users/Windows_10/Documents/Pico/pico-sdk/src/common/pico_time/time.c.obj
 .data.default_alarm_pool_heap
                0x2000020c       0x10 CMakeFiles/la_ola_5.dir/C_/Users/Windows_10/Documents/Pico/pico-sdk/src/common/pico_time/time.c.obj
 .data          0x2000021c       0x48 CMakeFiles/la_ola_5.dir/C_/Users/Windows_10/Documents/Pico/pico-sdk/src/rp2_common/hardware_irq/irq_handler_chain.S.obj
                0x2000021c                irq_handler_chain_slots
                0x2000024c                irq_handler_chain_first_slot
                0x20000256                irq_handler_chain_remove_tail
 *fill*         0x20000264        0xc 
 .data.aeabi_bits_funcs
                0x20000270       0x10 CMakeFiles/la_ola_5.dir/C_/Users/Windows_10/Documents/Pico/pico-sdk/src/rp2_common/pico_bit_ops/bit_ops_aeabi.S.obj
                0x20000270                aeabi_bits_funcs
                0x20000280                aeabi_bits_funcs_end
 .data.aeabi_mem_funcs
                0x20000280       0x10 CMakeFiles/la_ola_5.dir/C_/Users/Windows_10/Documents/Pico/pico-sdk/src/rp2_common/pico_mem_ops/mem_ops_aeabi.S.obj
                0x20000280                aeabi_mem_funcs
                0x20000290                aeabi_mem_funcs_end
                0x20000290                . = ALIGN (0x4)
 *(.after_data.*)
                0x20000290                . = ALIGN (0x4)
                0x20000290                PROVIDE (__mutex_array_start = .)
 *(SORT_BY_NAME(.mutex_array.*))
 *(.mutex_array)
 .mutex_array   0x20000290        0x8 CMakeFiles/la_ola_5.dir/C_/Users/Windows_10/Documents/Pico/pico-sdk/src/rp2_common/pico_stdio/stdio.c.obj
                0x20000298                PROVIDE (__mutex_array_end = .)
                0x20000298                . = ALIGN (0x4)
                0x20000298                PROVIDE (__preinit_array_start = .)
 *(SORT_BY_NAME(.preinit_array.*))
 .preinit_array.00001
                0x20000298        0x4 CMakeFiles/la_ola_5.dir/C_/Users/Windows_10/Documents/Pico/pico-sdk/src/rp2_common/pico_mem_ops/mem_ops_aeabi.S.obj
 .preinit_array.00010
                0x2000029c        0x4 CMakeFiles/la_ola_5.dir/C_/Users/Windows_10/Documents/Pico/pico-sdk/src/rp2_common/pico_bit_ops/bit_ops_aeabi.S.obj
 .preinit_array.00020
                0x200002a0        0x4 CMakeFiles/la_ola_5.dir/C_/Users/Windows_10/Documents/Pico/pico-sdk/src/rp2_common/pico_double/double_aeabi.S.obj
 .preinit_array.00020
                0x200002a4        0x4 CMakeFiles/la_ola_5.dir/C_/Users/Windows_10/Documents/Pico/pico-sdk/src/rp2_common/pico_float/float_aeabi.S.obj
 *(.preinit_array)
                0x200002a8                PROVIDE (__preinit_array_end = .)
                0x200002a8                . = ALIGN (0x4)
                0x200002a8                PROVIDE (__init_array_start = .)
 *(SORT_BY_NAME(.init_array.*))
 *(.init_array)
 .init_array    0x200002a8        0x4 c:/progra~2/gnuarm~1/102020~1/bin/../lib/gcc/arm-none-eabi/10.2.1/thumb/v6-m/nofp/crtbegin.o
                0x200002ac                PROVIDE (__init_array_end = .)
                0x200002ac                . = ALIGN (0x4)
                [!provide]                PROVIDE (__fini_array_start = .)
 *(SORT_BY_NAME(.fini_array.*))
 *(.fini_array)
                [!provide]                PROVIDE (__fini_array_end = .)
 *(.jcr)
                0x200002ac                . = ALIGN (0x4)
                0x200002ac                __data_end__ = .

.igot.plt       0x200002ac        0x0 load address 0x10005244
 .igot.plt      0x200002ac        0x0 c:/progra~2/gnuarm~1/102020~1/bin/../lib/gcc/arm-none-eabi/10.2.1/thumb/v6-m/nofp/crtbegin.o

.uninitialized_data
                0x200002ac        0x0 load address 0x10005244
                0x200002ac                . = ALIGN (0x4)
 *(.uninitialized_data*)

.scratch_x      0x20040000        0x0 load address 0x10005244
                0x20040000                __scratch_x_start__ = .
 *(.scratch_x.*)
                0x20040000                . = ALIGN (0x4)
                0x20040000                __scratch_x_end__ = .
                0x10005244                __scratch_x_source__ = LOADADDR (.scratch_x)

.scratch_y      0x20041000        0x0 load address 0x10005244
                0x20041000                __scratch_y_start__ = .
 *(.scratch_y.*)
                0x20041000                . = ALIGN (0x4)
                0x20041000                __scratch_y_end__ = .
                0x10005244                __scratch_y_source__ = LOADADDR (.scratch_y)

.bss            0x200002b0      0x3c4
                0x200002b0                . = ALIGN (0x4)
                0x200002b0                __bss_start__ = .
 *(SORT_BY_ALIGNMENT(SORT_BY_NAME(.bss*)))
 .bss.default_alarm_pool_entries
                0x200002b0      0x100 CMakeFiles/la_ola_5.dir/C_/Users/Windows_10/Documents/Pico/pico-sdk/src/common/pico_time/time.c.obj
 .bss           0x200003b0       0x1c c:/progra~2/gnuarm~1/102020~1/bin/../lib/gcc/arm-none-eabi/10.2.1/thumb/v6-m/nofp/crtbegin.o
 .bss.alarm_callbacks
                0x200003cc       0x10 CMakeFiles/la_ola_5.dir/C_/Users/Windows_10/Documents/Pico/pico-sdk/src/rp2_common/hardware_timer/timer.c.obj
 .bss.configured_freq
                0x200003dc       0x28 CMakeFiles/la_ola_5.dir/C_/Users/Windows_10/Documents/Pico/pico-sdk/src/rp2_common/hardware_clocks/clocks.c.obj
 .bss.default_alarm_pool_entry_ids_high
                0x20000404       0x10 CMakeFiles/la_ola_5.dir/C_/Users/Windows_10/Documents/Pico/pico-sdk/src/common/pico_time/time.c.obj
 .bss.default_alarm_pool_heap_nodes
                0x20000414       0x30 CMakeFiles/la_ola_5.dir/C_/Users/Windows_10/Documents/Pico/pico-sdk/src/common/pico_time/time.c.obj
 .bss.drivers   0x20000444        0x4 CMakeFiles/la_ola_5.dir/C_/Users/Windows_10/Documents/Pico/pico-sdk/src/rp2_common/pico_stdio/stdio.c.obj
 .bss.filter    0x20000448        0x4 CMakeFiles/la_ola_5.dir/C_/Users/Windows_10/Documents/Pico/pico-sdk/src/rp2_common/pico_stdio/stdio.c.obj
 .bss.pools     0x2000044c       0x10 CMakeFiles/la_ola_5.dir/C_/Users/Windows_10/Documents/Pico/pico-sdk/src/common/pico_time/time.c.obj
 .bss.sd_table  0x2000045c      0x100 CMakeFiles/la_ola_5.dir/C_/Users/Windows_10/Documents/Pico/pico-sdk/src/rp2_common/pico_double/double_init_rom.c.obj
                0x2000045c                sd_table
 .bss.sf_clz_func
                0x2000055c        0x4 CMakeFiles/la_ola_5.dir/C_/Users/Windows_10/Documents/Pico/pico-sdk/src/rp2_common/pico_float/float_init_rom.c.obj
                0x2000055c                sf_clz_func
 .bss.sf_table  0x20000560      0x100 CMakeFiles/la_ola_5.dir/C_/Users/Windows_10/Documents/Pico/pico-sdk/src/rp2_common/pico_float/float_init_rom.c.obj
                0x20000560                sf_table
 .bss.target_hi
                0x20000660       0x10 CMakeFiles/la_ola_5.dir/C_/Users/Windows_10/Documents/Pico/pico-sdk/src/rp2_common/hardware_timer/timer.c.obj
 .bss.claimed   0x20000670        0x1 CMakeFiles/la_ola_5.dir/C_/Users/Windows_10/Documents/Pico/pico-sdk/src/rp2_common/hardware_timer/timer.c.obj
 .bss.irq_hander_chain_free_slot_head
                0x20000671        0x1 CMakeFiles/la_ola_5.dir/C_/Users/Windows_10/Documents/Pico/pico-sdk/src/rp2_common/hardware_irq/irq.c.obj
 .bss.timer_callbacks_pending
                0x20000672        0x1 CMakeFiles/la_ola_5.dir/C_/Users/Windows_10/Documents/Pico/pico-sdk/src/rp2_common/hardware_timer/timer.c.obj
 *(COMMON)
                0x20000674                . = ALIGN (0x4)
 *fill*         0x20000673        0x1 
                0x20000674                __bss_end__ = .

.heap           0x20000674      0x800
                0x20000674                __end__ = .
                0x20000674                end = __end__
 *(.heap*)
 .heap          0x20000674      0x800 CMakeFiles/la_ola_5.dir/C_/Users/Windows_10/Documents/Pico/pico-sdk/src/rp2_common/pico_standard_link/crt0.S.obj
                0x20000e74                __HeapLimit = .

.stack1_dummy   0x20040000        0x0
 *(.stack1*)

.stack_dummy    0x20041000      0x800
 *(.stack*)
 .stack         0x20041000      0x800 CMakeFiles/la_ola_5.dir/C_/Users/Windows_10/Documents/Pico/pico-sdk/src/rp2_common/pico_standard_link/crt0.S.obj

.flash_end      0x10005244        0x0
                0x10005244                __flash_binary_end = .
                0x20040000                __StackLimit = (ORIGIN (RAM) + LENGTH (RAM))
                0x20041000                __StackOneTop = (ORIGIN (SCRATCH_X) + LENGTH (SCRATCH_X))
                0x20042000                __StackTop = (ORIGIN (SCRATCH_Y) + LENGTH (SCRATCH_Y))
                0x20041000                __StackOneBottom = (__StackOneTop - SIZEOF (.stack1_dummy))
                0x20041800                __StackBottom = (__StackTop - SIZEOF (.stack_dummy))
                0x20042000                PROVIDE (__stack = __StackTop)
                0x00000001                ASSERT ((__StackLimit >= __HeapLimit), region RAM overflowed)
                0x00000001                ASSERT (((__binary_info_header_end - __logical_binary_start) <= 0x100), Binary info must be in first 256 bytes of the binary)
LOAD CMakeFiles/la_ola_5.dir/la_ola_5.c.obj
LOAD CMakeFiles/la_ola_5.dir/C_/Users/Windows_10/Documents/Pico/pico-sdk/src/rp2_common/pico_stdlib/stdlib.c.obj
LOAD CMakeFiles/la_ola_5.dir/C_/Users/Windows_10/Documents/Pico/pico-sdk/src/rp2_common/hardware_gpio/gpio.c.obj
LOAD CMakeFiles/la_ola_5.dir/C_/Users/Windows_10/Documents/Pico/pico-sdk/src/rp2_common/hardware_claim/claim.c.obj
LOAD CMakeFiles/la_ola_5.dir/C_/Users/Windows_10/Documents/Pico/pico-sdk/src/rp2_common/hardware_sync/sync.c.obj
LOAD CMakeFiles/la_ola_5.dir/C_/Users/Windows_10/Documents/Pico/pico-sdk/src/rp2_common/pico_platform/platform.c.obj
LOAD CMakeFiles/la_ola_5.dir/C_/Users/Windows_10/Documents/Pico/pico-sdk/src/rp2_common/hardware_uart/uart.c.obj
LOAD CMakeFiles/la_ola_5.dir/C_/Users/Windows_10/Documents/Pico/pico-sdk/src/rp2_common/hardware_divider/divider.S.obj
LOAD CMakeFiles/la_ola_5.dir/C_/Users/Windows_10/Documents/Pico/pico-sdk/src/common/pico_time/time.c.obj
LOAD CMakeFiles/la_ola_5.dir/C_/Users/Windows_10/Documents/Pico/pico-sdk/src/common/pico_time/timeout_helper.c.obj
LOAD CMakeFiles/la_ola_5.dir/C_/Users/Windows_10/Documents/Pico/pico-sdk/src/rp2_common/hardware_timer/timer.c.obj
LOAD CMakeFiles/la_ola_5.dir/C_/Users/Windows_10/Documents/Pico/pico-sdk/src/common/pico_sync/sem.c.obj
LOAD CMakeFiles/la_ola_5.dir/C_/Users/Windows_10/Documents/Pico/pico-sdk/src/common/pico_sync/lock_core.c.obj
LOAD CMakeFiles/la_ola_5.dir/C_/Users/Windows_10/Documents/Pico/pico-sdk/src/common/pico_sync/mutex.c.obj
LOAD CMakeFiles/la_ola_5.dir/C_/Users/Windows_10/Documents/Pico/pico-sdk/src/common/pico_sync/critical_section.c.obj
LOAD CMakeFiles/la_ola_5.dir/C_/Users/Windows_10/Documents/Pico/pico-sdk/src/common/pico_util/datetime.c.obj
LOAD CMakeFiles/la_ola_5.dir/C_/Users/Windows_10/Documents/Pico/pico-sdk/src/common/pico_util/pheap.c.obj
LOAD CMakeFiles/la_ola_5.dir/C_/Users/Windows_10/Documents/Pico/pico-sdk/src/common/pico_util/queue.c.obj
LOAD CMakeFiles/la_ola_5.dir/C_/Users/Windows_10/Documents/Pico/pico-sdk/src/rp2_common/pico_runtime/runtime.c.obj
LOAD CMakeFiles/la_ola_5.dir/C_/Users/Windows_10/Documents/Pico/pico-sdk/src/rp2_common/hardware_clocks/clocks.c.obj
LOAD CMakeFiles/la_ola_5.dir/C_/Users/Windows_10/Documents/Pico/pico-sdk/src/rp2_common/hardware_watchdog/watchdog.c.obj
LOAD CMakeFiles/la_ola_5.dir/C_/Users/Windows_10/Documents/Pico/pico-sdk/src/rp2_common/hardware_xosc/xosc.c.obj
LOAD CMakeFiles/la_ola_5.dir/C_/Users/Windows_10/Documents/Pico/pico-sdk/src/rp2_common/hardware_pll/pll.c.obj
LOAD CMakeFiles/la_ola_5.dir/C_/Users/Windows_10/Documents/Pico/pico-sdk/src/rp2_common/hardware_vreg/vreg.c.obj
LOAD CMakeFiles/la_ola_5.dir/C_/Users/Windows_10/Documents/Pico/pico-sdk/src/rp2_common/hardware_irq/irq.c.obj
LOAD CMakeFiles/la_ola_5.dir/C_/Users/Windows_10/Documents/Pico/pico-sdk/src/rp2_common/hardware_irq/irq_handler_chain.S.obj
LOAD CMakeFiles/la_ola_5.dir/C_/Users/Windows_10/Documents/Pico/pico-sdk/src/rp2_common/pico_printf/printf.c.obj
LOAD CMakeFiles/la_ola_5.dir/C_/Users/Windows_10/Documents/Pico/pico-sdk/src/rp2_common/pico_bit_ops/bit_ops_aeabi.S.obj
LOAD CMakeFiles/la_ola_5.dir/C_/Users/Windows_10/Documents/Pico/pico-sdk/src/rp2_common/pico_bootrom/bootrom.c.obj
LOAD CMakeFiles/la_ola_5.dir/C_/Users/Windows_10/Documents/Pico/pico-sdk/src/rp2_common/pico_divider/divider.S.obj
LOAD CMakeFiles/la_ola_5.dir/C_/Users/Windows_10/Documents/Pico/pico-sdk/src/rp2_common/pico_double/double_aeabi.S.obj
LOAD CMakeFiles/la_ola_5.dir/C_/Users/Windows_10/Documents/Pico/pico-sdk/src/rp2_common/pico_double/double_init_rom.c.obj
LOAD CMakeFiles/la_ola_5.dir/C_/Users/Windows_10/Documents/Pico/pico-sdk/src/rp2_common/pico_double/double_math.c.obj
LOAD CMakeFiles/la_ola_5.dir/C_/Users/Windows_10/Documents/Pico/pico-sdk/src/rp2_common/pico_double/double_v1_rom_shim.S.obj
LOAD CMakeFiles/la_ola_5.dir/C_/Users/Windows_10/Documents/Pico/pico-sdk/src/rp2_common/pico_int64_ops/pico_int64_ops_aeabi.S.obj
LOAD CMakeFiles/la_ola_5.dir/C_/Users/Windows_10/Documents/Pico/pico-sdk/src/rp2_common/pico_float/float_aeabi.S.obj
LOAD CMakeFiles/la_ola_5.dir/C_/Users/Windows_10/Documents/Pico/pico-sdk/src/rp2_common/pico_float/float_init_rom.c.obj
LOAD CMakeFiles/la_ola_5.dir/C_/Users/Windows_10/Documents/Pico/pico-sdk/src/rp2_common/pico_float/float_math.c.obj
LOAD CMakeFiles/la_ola_5.dir/C_/Users/Windows_10/Documents/Pico/pico-sdk/src/rp2_common/pico_float/float_v1_rom_shim.S.obj
LOAD CMakeFiles/la_ola_5.dir/C_/Users/Windows_10/Documents/Pico/pico-sdk/src/rp2_common/pico_malloc/pico_malloc.c.obj
LOAD CMakeFiles/la_ola_5.dir/C_/Users/Windows_10/Documents/Pico/pico-sdk/src/rp2_common/pico_mem_ops/mem_ops_aeabi.S.obj
LOAD CMakeFiles/la_ola_5.dir/C_/Users/Windows_10/Documents/Pico/pico-sdk/src/rp2_common/pico_standard_link/crt0.S.obj
LOAD CMakeFiles/la_ola_5.dir/C_/Users/Windows_10/Documents/Pico/pico-sdk/src/rp2_common/pico_standard_link/new_delete.cpp.obj
LOAD CMakeFiles/la_ola_5.dir/C_/Users/Windows_10/Documents/Pico/pico-sdk/src/rp2_common/pico_standard_link/binary_info.c.obj
LOAD CMakeFiles/la_ola_5.dir/C_/Users/Windows_10/Documents/Pico/pico-sdk/src/rp2_common/pico_stdio/stdio.c.obj
LOAD CMakeFiles/la_ola_5.dir/C_/Users/Windows_10/Documents/Pico/pico-sdk/src/rp2_common/pico_stdio_uart/stdio_uart.c.obj
LOAD C:\Users\WINDOW~1\AppData\Local\Temp\cce2aMSm.o
LOAD c:/progra~2/gnuarm~1/102020~1/bin/../lib/gcc/arm-none-eabi/10.2.1/../../../../arm-none-eabi/lib/thumb/v6-m/nofp\libstdc++.a
LOAD c:/progra~2/gnuarm~1/102020~1/bin/../lib/gcc/arm-none-eabi/10.2.1/../../../../arm-none-eabi/lib/thumb/v6-m/nofp\libm.a
START GROUP
LOAD c:/progra~2/gnuarm~1/102020~1/bin/../lib/gcc/arm-none-eabi/10.2.1/thumb/v6-m/nofp\libgcc.a
LOAD c:/progra~2/gnuarm~1/102020~1/bin/../lib/gcc/arm-none-eabi/10.2.1/../../../../arm-none-eabi/lib/thumb/v6-m/nofp\libg.a
LOAD c:/progra~2/gnuarm~1/102020~1/bin/../lib/gcc/arm-none-eabi/10.2.1/../../../../arm-none-eabi/lib/thumb/v6-m/nofp\libc.a
END GROUP
START GROUP
LOAD c:/progra~2/gnuarm~1/102020~1/bin/../lib/gcc/arm-none-eabi/10.2.1/thumb/v6-m/nofp\libgcc.a
LOAD c:/progra~2/gnuarm~1/102020~1/bin/../lib/gcc/arm-none-eabi/10.2.1/../../../../arm-none-eabi/lib/thumb/v6-m/nofp\libc.a
LOAD c:/progra~2/gnuarm~1/102020~1/bin/../lib/gcc/arm-none-eabi/10.2.1/../../../../arm-none-eabi/lib/thumb/v6-m/nofp\libnosys.a
END GROUP
LOAD c:/progra~2/gnuarm~1/102020~1/bin/../lib/gcc/arm-none-eabi/10.2.1/thumb/v6-m/nofp/crtend.o
LOAD c:/progra~2/gnuarm~1/102020~1/bin/../lib/gcc/arm-none-eabi/10.2.1/thumb/v6-m/nofp/crtn.o
OUTPUT(la_ola_5.elf elf32-littlearm)
LOAD linker stubs

.ARM.attributes
                0x00000000       0x28
 .ARM.attributes
                0x00000000       0x1e c:/progra~2/gnuarm~1/102020~1/bin/../lib/gcc/arm-none-eabi/10.2.1/thumb/v6-m/nofp/crti.o
 .ARM.attributes
                0x0000001e       0x2c c:/progra~2/gnuarm~1/102020~1/bin/../lib/gcc/arm-none-eabi/10.2.1/thumb/v6-m/nofp/crtbegin.o
 .ARM.attributes
                0x0000004a       0x2c CMakeFiles/la_ola_5.dir/la_ola_5.c.obj
 .ARM.attributes
                0x00000076       0x2c CMakeFiles/la_ola_5.dir/C_/Users/Windows_10/Documents/Pico/pico-sdk/src/rp2_common/hardware_gpio/gpio.c.obj
 .ARM.attributes
                0x000000a2       0x2c CMakeFiles/la_ola_5.dir/C_/Users/Windows_10/Documents/Pico/pico-sdk/src/rp2_common/hardware_claim/claim.c.obj
 .ARM.attributes
                0x000000ce       0x2c CMakeFiles/la_ola_5.dir/C_/Users/Windows_10/Documents/Pico/pico-sdk/src/rp2_common/hardware_sync/sync.c.obj
 .ARM.attributes
                0x000000fa       0x2c CMakeFiles/la_ola_5.dir/C_/Users/Windows_10/Documents/Pico/pico-sdk/src/rp2_common/pico_platform/platform.c.obj
 .ARM.attributes
                0x00000126       0x2c CMakeFiles/la_ola_5.dir/C_/Users/Windows_10/Documents/Pico/pico-sdk/src/common/pico_time/time.c.obj
 .ARM.attributes
                0x00000152       0x2c CMakeFiles/la_ola_5.dir/C_/Users/Windows_10/Documents/Pico/pico-sdk/src/rp2_common/hardware_timer/timer.c.obj
 .ARM.attributes
                0x0000017e       0x2c CMakeFiles/la_ola_5.dir/C_/Users/Windows_10/Documents/Pico/pico-sdk/src/common/pico_sync/lock_core.c.obj
 .ARM.attributes
                0x000001aa       0x2c CMakeFiles/la_ola_5.dir/C_/Users/Windows_10/Documents/Pico/pico-sdk/src/common/pico_sync/mutex.c.obj
 .ARM.attributes
                0x000001d6       0x2c CMakeFiles/la_ola_5.dir/C_/Users/Windows_10/Documents/Pico/pico-sdk/src/common/pico_util/pheap.c.obj
 .ARM.attributes
                0x00000202       0x2c CMakeFiles/la_ola_5.dir/C_/Users/Windows_10/Documents/Pico/pico-sdk/src/rp2_common/pico_runtime/runtime.c.obj
 .ARM.attributes
                0x0000022e       0x2c CMakeFiles/la_ola_5.dir/C_/Users/Windows_10/Documents/Pico/pico-sdk/src/rp2_common/hardware_clocks/clocks.c.obj
 .ARM.attributes
                0x0000025a       0x2c CMakeFiles/la_ola_5.dir/C_/Users/Windows_10/Documents/Pico/pico-sdk/src/rp2_common/hardware_watchdog/watchdog.c.obj
 .ARM.attributes
                0x00000286       0x2c CMakeFiles/la_ola_5.dir/C_/Users/Windows_10/Documents/Pico/pico-sdk/src/rp2_common/hardware_xosc/xosc.c.obj
 .ARM.attributes
                0x000002b2       0x2c CMakeFiles/la_ola_5.dir/C_/Users/Windows_10/Documents/Pico/pico-sdk/src/rp2_common/hardware_pll/pll.c.obj
 .ARM.attributes
                0x000002de       0x2c CMakeFiles/la_ola_5.dir/C_/Users/Windows_10/Documents/Pico/pico-sdk/src/rp2_common/hardware_irq/irq.c.obj
 .ARM.attributes
                0x0000030a       0x22 CMakeFiles/la_ola_5.dir/C_/Users/Windows_10/Documents/Pico/pico-sdk/src/rp2_common/hardware_irq/irq_handler_chain.S.obj
 .ARM.attributes
                0x0000032c       0x2c CMakeFiles/la_ola_5.dir/C_/Users/Windows_10/Documents/Pico/pico-sdk/src/rp2_common/pico_printf/printf.c.obj
 .ARM.attributes
                0x00000358       0x22 CMakeFiles/la_ola_5.dir/C_/Users/Windows_10/Documents/Pico/pico-sdk/src/rp2_common/pico_bit_ops/bit_ops_aeabi.S.obj
 .ARM.attributes
                0x0000037a       0x2c CMakeFiles/la_ola_5.dir/C_/Users/Windows_10/Documents/Pico/pico-sdk/src/rp2_common/pico_bootrom/bootrom.c.obj
 .ARM.attributes
                0x000003a6       0x22 CMakeFiles/la_ola_5.dir/C_/Users/Windows_10/Documents/Pico/pico-sdk/src/rp2_common/pico_divider/divider.S.obj
 .ARM.attributes
                0x000003c8       0x22 CMakeFiles/la_ola_5.dir/C_/Users/Windows_10/Documents/Pico/pico-sdk/src/rp2_common/pico_double/double_aeabi.S.obj
 .ARM.attributes
                0x000003ea       0x2c CMakeFiles/la_ola_5.dir/C_/Users/Windows_10/Documents/Pico/pico-sdk/src/rp2_common/pico_double/double_init_rom.c.obj
 .ARM.attributes
                0x00000416       0x22 CMakeFiles/la_ola_5.dir/C_/Users/Windows_10/Documents/Pico/pico-sdk/src/rp2_common/pico_double/double_v1_rom_shim.S.obj
 .ARM.attributes
                0x00000438       0x22 CMakeFiles/la_ola_5.dir/C_/Users/Windows_10/Documents/Pico/pico-sdk/src/rp2_common/pico_float/float_aeabi.S.obj
 .ARM.attributes
                0x0000045a       0x2c CMakeFiles/la_ola_5.dir/C_/Users/Windows_10/Documents/Pico/pico-sdk/src/rp2_common/pico_float/float_init_rom.c.obj
 .ARM.attributes
                0x00000486       0x22 CMakeFiles/la_ola_5.dir/C_/Users/Windows_10/Documents/Pico/pico-sdk/src/rp2_common/pico_float/float_v1_rom_shim.S.obj
 .ARM.attributes
                0x000004a8       0x22 CMakeFiles/la_ola_5.dir/C_/Users/Windows_10/Documents/Pico/pico-sdk/src/rp2_common/pico_mem_ops/mem_ops_aeabi.S.obj
 .ARM.attributes
                0x000004ca       0x22 CMakeFiles/la_ola_5.dir/C_/Users/Windows_10/Documents/Pico/pico-sdk/src/rp2_common/pico_standard_link/crt0.S.obj
 .ARM.attributes
                0x000004ec       0x32 CMakeFiles/la_ola_5.dir/C_/Users/Windows_10/Documents/Pico/pico-sdk/src/rp2_common/pico_standard_link/binary_info.c.obj
 .ARM.attributes
                0x0000051e       0x2c CMakeFiles/la_ola_5.dir/C_/Users/Windows_10/Documents/Pico/pico-sdk/src/rp2_common/pico_stdio/stdio.c.obj
 .ARM.attributes
                0x0000054a       0x22 C:\Users\WINDOW~1\AppData\Local\Temp\cce2aMSm.o
 .ARM.attributes
                0x0000056c       0x1e c:/progra~2/gnuarm~1/102020~1/bin/../lib/gcc/arm-none-eabi/10.2.1/thumb/v6-m/nofp\libgcc.a(_dvmd_tls.o)
 .ARM.attributes
                0x0000058a       0x2c c:/progra~2/gnuarm~1/102020~1/bin/../lib/gcc/arm-none-eabi/10.2.1/../../../../arm-none-eabi/lib/thumb/v6-m/nofp\libg.a(lib_a-strlen-stub.o)

.comment        0x00000000       0x4d
 .comment       0x00000000       0x4d CMakeFiles/la_ola_5.dir/la_ola_5.c.obj
                                 0x4e (size before relaxing)
 .comment       0x0000004d       0x4e CMakeFiles/la_ola_5.dir/C_/Users/Windows_10/Documents/Pico/pico-sdk/src/rp2_common/hardware_gpio/gpio.c.obj
 .comment       0x0000004d       0x4e CMakeFiles/la_ola_5.dir/C_/Users/Windows_10/Documents/Pico/pico-sdk/src/rp2_common/hardware_claim/claim.c.obj
 .comment       0x0000004d       0x4e CMakeFiles/la_ola_5.dir/C_/Users/Windows_10/Documents/Pico/pico-sdk/src/rp2_common/hardware_sync/sync.c.obj
 .comment       0x0000004d       0x4e CMakeFiles/la_ola_5.dir/C_/Users/Windows_10/Documents/Pico/pico-sdk/src/rp2_common/pico_platform/platform.c.obj
 .comment       0x0000004d       0x4e CMakeFiles/la_ola_5.dir/C_/Users/Windows_10/Documents/Pico/pico-sdk/src/common/pico_time/time.c.obj
 .comment       0x0000004d       0x4e CMakeFiles/la_ola_5.dir/C_/Users/Windows_10/Documents/Pico/pico-sdk/src/rp2_common/hardware_timer/timer.c.obj
 .comment       0x0000004d       0x4e CMakeFiles/la_ola_5.dir/C_/Users/Windows_10/Documents/Pico/pico-sdk/src/common/pico_sync/lock_core.c.obj
 .comment       0x0000004d       0x4e CMakeFiles/la_ola_5.dir/C_/Users/Windows_10/Documents/Pico/pico-sdk/src/common/pico_sync/mutex.c.obj
 .comment       0x0000004d       0x4e CMakeFiles/la_ola_5.dir/C_/Users/Windows_10/Documents/Pico/pico-sdk/src/common/pico_util/pheap.c.obj
 .comment       0x0000004d       0x4e CMakeFiles/la_ola_5.dir/C_/Users/Windows_10/Documents/Pico/pico-sdk/src/rp2_common/pico_runtime/runtime.c.obj
 .comment       0x0000004d       0x4e CMakeFiles/la_ola_5.dir/C_/Users/Windows_10/Documents/Pico/pico-sdk/src/rp2_common/hardware_clocks/clocks.c.obj
 .comment       0x0000004d       0x4e CMakeFiles/la_ola_5.dir/C_/Users/Windows_10/Documents/Pico/pico-sdk/src/rp2_common/hardware_watchdog/watchdog.c.obj
 .comment       0x0000004d       0x4e CMakeFiles/la_ola_5.dir/C_/Users/Windows_10/Documents/Pico/pico-sdk/src/rp2_common/hardware_xosc/xosc.c.obj
 .comment       0x0000004d       0x4e CMakeFiles/la_ola_5.dir/C_/Users/Windows_10/Documents/Pico/pico-sdk/src/rp2_common/hardware_pll/pll.c.obj
 .comment       0x0000004d       0x4e CMakeFiles/la_ola_5.dir/C_/Users/Windows_10/Documents/Pico/pico-sdk/src/rp2_common/hardware_irq/irq.c.obj
 .comment       0x0000004d       0x4e CMakeFiles/la_ola_5.dir/C_/Users/Windows_10/Documents/Pico/pico-sdk/src/rp2_common/pico_printf/printf.c.obj
 .comment       0x0000004d       0x4e CMakeFiles/la_ola_5.dir/C_/Users/Windows_10/Documents/Pico/pico-sdk/src/rp2_common/pico_bootrom/bootrom.c.obj
 .comment       0x0000004d       0x4e CMakeFiles/la_ola_5.dir/C_/Users/Windows_10/Documents/Pico/pico-sdk/src/rp2_common/pico_double/double_init_rom.c.obj
 .comment       0x0000004d       0x4e CMakeFiles/la_ola_5.dir/C_/Users/Windows_10/Documents/Pico/pico-sdk/src/rp2_common/pico_float/float_init_rom.c.obj
 .comment       0x0000004d       0x4e CMakeFiles/la_ola_5.dir/C_/Users/Windows_10/Documents/Pico/pico-sdk/src/rp2_common/pico_standard_link/binary_info.c.obj
 .comment       0x0000004d       0x4e CMakeFiles/la_ola_5.dir/C_/Users/Windows_10/Documents/Pico/pico-sdk/src/rp2_common/pico_stdio/stdio.c.obj

.debug_info     0x00000000    0x10a5e
 .debug_info    0x00000000      0xbe1 CMakeFiles/la_ola_5.dir/la_ola_5.c.obj
 .debug_info    0x00000be1     0x1141 CMakeFiles/la_ola_5.dir/C_/Users/Windows_10/Documents/Pico/pico-sdk/src/rp2_common/hardware_gpio/gpio.c.obj
 .debug_info    0x00001d22      0x620 CMakeFiles/la_ola_5.dir/C_/Users/Windows_10/Documents/Pico/pico-sdk/src/rp2_common/hardware_claim/claim.c.obj
 .debug_info    0x00002342      0x4a5 CMakeFiles/la_ola_5.dir/C_/Users/Windows_10/Documents/Pico/pico-sdk/src/rp2_common/hardware_sync/sync.c.obj
 .debug_info    0x000027e7      0x1e3 CMakeFiles/la_ola_5.dir/C_/Users/Windows_10/Documents/Pico/pico-sdk/src/rp2_common/pico_platform/platform.c.obj
 .debug_info    0x000029ca     0x37d9 CMakeFiles/la_ola_5.dir/C_/Users/Windows_10/Documents/Pico/pico-sdk/src/common/pico_time/time.c.obj
 .debug_info    0x000061a3     0x1043 CMakeFiles/la_ola_5.dir/C_/Users/Windows_10/Documents/Pico/pico-sdk/src/rp2_common/hardware_timer/timer.c.obj
 .debug_info    0x000071e6      0x17b CMakeFiles/la_ola_5.dir/C_/Users/Windows_10/Documents/Pico/pico-sdk/src/common/pico_sync/lock_core.c.obj
 .debug_info    0x00007361      0xdb9 CMakeFiles/la_ola_5.dir/C_/Users/Windows_10/Documents/Pico/pico-sdk/src/common/pico_sync/mutex.c.obj
 .debug_info    0x0000811a     0x120c CMakeFiles/la_ola_5.dir/C_/Users/Windows_10/Documents/Pico/pico-sdk/src/common/pico_util/pheap.c.obj
 .debug_info    0x00009326      0x975 CMakeFiles/la_ola_5.dir/C_/Users/Windows_10/Documents/Pico/pico-sdk/src/rp2_common/pico_runtime/runtime.c.obj
 .debug_info    0x00009c9b     0x1068 CMakeFiles/la_ola_5.dir/C_/Users/Windows_10/Documents/Pico/pico-sdk/src/rp2_common/hardware_clocks/clocks.c.obj
 .debug_info    0x0000ad03      0x49c CMakeFiles/la_ola_5.dir/C_/Users/Windows_10/Documents/Pico/pico-sdk/src/rp2_common/hardware_watchdog/watchdog.c.obj
 .debug_info    0x0000b19f      0x214 CMakeFiles/la_ola_5.dir/C_/Users/Windows_10/Documents/Pico/pico-sdk/src/rp2_common/hardware_xosc/xosc.c.obj
 .debug_info    0x0000b3b3      0x3b0 CMakeFiles/la_ola_5.dir/C_/Users/Windows_10/Documents/Pico/pico-sdk/src/rp2_common/hardware_pll/pll.c.obj
 .debug_info    0x0000b763     0x1ba9 CMakeFiles/la_ola_5.dir/C_/Users/Windows_10/Documents/Pico/pico-sdk/src/rp2_common/hardware_irq/irq.c.obj
 .debug_info    0x0000d30c       0x26 CMakeFiles/la_ola_5.dir/C_/Users/Windows_10/Documents/Pico/pico-sdk/src/rp2_common/hardware_irq/irq_handler_chain.S.obj
 .debug_info    0x0000d332     0x1a5f CMakeFiles/la_ola_5.dir/C_/Users/Windows_10/Documents/Pico/pico-sdk/src/rp2_common/pico_printf/printf.c.obj
 .debug_info    0x0000ed91       0x22 CMakeFiles/la_ola_5.dir/C_/Users/Windows_10/Documents/Pico/pico-sdk/src/rp2_common/pico_bit_ops/bit_ops_aeabi.S.obj
 .debug_info    0x0000edb3      0x231 CMakeFiles/la_ola_5.dir/C_/Users/Windows_10/Documents/Pico/pico-sdk/src/rp2_common/pico_bootrom/bootrom.c.obj
 .debug_info    0x0000efe4       0x22 CMakeFiles/la_ola_5.dir/C_/Users/Windows_10/Documents/Pico/pico-sdk/src/rp2_common/pico_divider/divider.S.obj
 .debug_info    0x0000f006       0x22 CMakeFiles/la_ola_5.dir/C_/Users/Windows_10/Documents/Pico/pico-sdk/src/rp2_common/pico_double/double_aeabi.S.obj
 .debug_info    0x0000f028      0x2a0 CMakeFiles/la_ola_5.dir/C_/Users/Windows_10/Documents/Pico/pico-sdk/src/rp2_common/pico_double/double_init_rom.c.obj
 .debug_info    0x0000f2c8       0x22 CMakeFiles/la_ola_5.dir/C_/Users/Windows_10/Documents/Pico/pico-sdk/src/rp2_common/pico_double/double_v1_rom_shim.S.obj
 .debug_info    0x0000f2ea       0x22 CMakeFiles/la_ola_5.dir/C_/Users/Windows_10/Documents/Pico/pico-sdk/src/rp2_common/pico_float/float_aeabi.S.obj
 .debug_info    0x0000f30c      0x2e9 CMakeFiles/la_ola_5.dir/C_/Users/Windows_10/Documents/Pico/pico-sdk/src/rp2_common/pico_float/float_init_rom.c.obj
 .debug_info    0x0000f5f5       0x22 CMakeFiles/la_ola_5.dir/C_/Users/Windows_10/Documents/Pico/pico-sdk/src/rp2_common/pico_float/float_v1_rom_shim.S.obj
 .debug_info    0x0000f617       0x22 CMakeFiles/la_ola_5.dir/C_/Users/Windows_10/Documents/Pico/pico-sdk/src/rp2_common/pico_mem_ops/mem_ops_aeabi.S.obj
 .debug_info    0x0000f639       0x22 CMakeFiles/la_ola_5.dir/C_/Users/Windows_10/Documents/Pico/pico-sdk/src/rp2_common/pico_standard_link/crt0.S.obj
 .debug_info    0x0000f65b      0x327 CMakeFiles/la_ola_5.dir/C_/Users/Windows_10/Documents/Pico/pico-sdk/src/rp2_common/pico_standard_link/binary_info.c.obj
 .debug_info    0x0000f982     0x10dc CMakeFiles/la_ola_5.dir/C_/Users/Windows_10/Documents/Pico/pico-sdk/src/rp2_common/pico_stdio/stdio.c.obj

.debug_abbrev   0x00000000     0x37c4
 .debug_abbrev  0x00000000      0x38d CMakeFiles/la_ola_5.dir/la_ola_5.c.obj
 .debug_abbrev  0x0000038d      0x2f1 CMakeFiles/la_ola_5.dir/C_/Users/Windows_10/Documents/Pico/pico-sdk/src/rp2_common/hardware_gpio/gpio.c.obj
 .debug_abbrev  0x0000067e      0x249 CMakeFiles/la_ola_5.dir/C_/Users/Windows_10/Documents/Pico/pico-sdk/src/rp2_common/hardware_claim/claim.c.obj
 .debug_abbrev  0x000008c7      0x1f8 CMakeFiles/la_ola_5.dir/C_/Users/Windows_10/Documents/Pico/pico-sdk/src/rp2_common/hardware_sync/sync.c.obj
 .debug_abbrev  0x00000abf       0xeb CMakeFiles/la_ola_5.dir/C_/Users/Windows_10/Documents/Pico/pico-sdk/src/rp2_common/pico_platform/platform.c.obj
 .debug_abbrev  0x00000baa      0x531 CMakeFiles/la_ola_5.dir/C_/Users/Windows_10/Documents/Pico/pico-sdk/src/common/pico_time/time.c.obj
 .debug_abbrev  0x000010db      0x321 CMakeFiles/la_ola_5.dir/C_/Users/Windows_10/Documents/Pico/pico-sdk/src/rp2_common/hardware_timer/timer.c.obj
 .debug_abbrev  0x000013fc      0x114 CMakeFiles/la_ola_5.dir/C_/Users/Windows_10/Documents/Pico/pico-sdk/src/common/pico_sync/lock_core.c.obj
 .debug_abbrev  0x00001510      0x306 CMakeFiles/la_ola_5.dir/C_/Users/Windows_10/Documents/Pico/pico-sdk/src/common/pico_sync/mutex.c.obj
 .debug_abbrev  0x00001816      0x297 CMakeFiles/la_ola_5.dir/C_/Users/Windows_10/Documents/Pico/pico-sdk/src/common/pico_util/pheap.c.obj
 .debug_abbrev  0x00001aad      0x32d CMakeFiles/la_ola_5.dir/C_/Users/Windows_10/Documents/Pico/pico-sdk/src/rp2_common/pico_runtime/runtime.c.obj
 .debug_abbrev  0x00001dda      0x388 CMakeFiles/la_ola_5.dir/C_/Users/Windows_10/Documents/Pico/pico-sdk/src/rp2_common/hardware_clocks/clocks.c.obj
 .debug_abbrev  0x00002162      0x1b1 CMakeFiles/la_ola_5.dir/C_/Users/Windows_10/Documents/Pico/pico-sdk/src/rp2_common/hardware_watchdog/watchdog.c.obj
 .debug_abbrev  0x00002313      0x12c CMakeFiles/la_ola_5.dir/C_/Users/Windows_10/Documents/Pico/pico-sdk/src/rp2_common/hardware_xosc/xosc.c.obj
 .debug_abbrev  0x0000243f      0x1cf CMakeFiles/la_ola_5.dir/C_/Users/Windows_10/Documents/Pico/pico-sdk/src/rp2_common/hardware_pll/pll.c.obj
 .debug_abbrev  0x0000260e      0x463 CMakeFiles/la_ola_5.dir/C_/Users/Windows_10/Documents/Pico/pico-sdk/src/rp2_common/hardware_irq/irq.c.obj
 .debug_abbrev  0x00002a71       0x14 CMakeFiles/la_ola_5.dir/C_/Users/Windows_10/Documents/Pico/pico-sdk/src/rp2_common/hardware_irq/irq_handler_chain.S.obj
 .debug_abbrev  0x00002a85      0x384 CMakeFiles/la_ola_5.dir/C_/Users/Windows_10/Documents/Pico/pico-sdk/src/rp2_common/pico_printf/printf.c.obj
 .debug_abbrev  0x00002e09       0x12 CMakeFiles/la_ola_5.dir/C_/Users/Windows_10/Documents/Pico/pico-sdk/src/rp2_common/pico_bit_ops/bit_ops_aeabi.S.obj
 .debug_abbrev  0x00002e1b       0xf8 CMakeFiles/la_ola_5.dir/C_/Users/Windows_10/Documents/Pico/pico-sdk/src/rp2_common/pico_bootrom/bootrom.c.obj
 .debug_abbrev  0x00002f13       0x12 CMakeFiles/la_ola_5.dir/C_/Users/Windows_10/Documents/Pico/pico-sdk/src/rp2_common/pico_divider/divider.S.obj
 .debug_abbrev  0x00002f25       0x12 CMakeFiles/la_ola_5.dir/C_/Users/Windows_10/Documents/Pico/pico-sdk/src/rp2_common/pico_double/double_aeabi.S.obj
 .debug_abbrev  0x00002f37      0x166 CMakeFiles/la_ola_5.dir/C_/Users/Windows_10/Documents/Pico/pico-sdk/src/rp2_common/pico_double/double_init_rom.c.obj
 .debug_abbrev  0x0000309d       0x12 CMakeFiles/la_ola_5.dir/C_/Users/Windows_10/Documents/Pico/pico-sdk/src/rp2_common/pico_double/double_v1_rom_shim.S.obj
 .debug_abbrev  0x000030af       0x12 CMakeFiles/la_ola_5.dir/C_/Users/Windows_10/Documents/Pico/pico-sdk/src/rp2_common/pico_float/float_aeabi.S.obj
 .debug_abbrev  0x000030c1      0x179 CMakeFiles/la_ola_5.dir/C_/Users/Windows_10/Documents/Pico/pico-sdk/src/rp2_common/pico_float/float_init_rom.c.obj
 .debug_abbrev  0x0000323a       0x12 CMakeFiles/la_ola_5.dir/C_/Users/Windows_10/Documents/Pico/pico-sdk/src/rp2_common/pico_float/float_v1_rom_shim.S.obj
 .debug_abbrev  0x0000324c       0x12 CMakeFiles/la_ola_5.dir/C_/Users/Windows_10/Documents/Pico/pico-sdk/src/rp2_common/pico_mem_ops/mem_ops_aeabi.S.obj
 .debug_abbrev  0x0000325e       0x12 CMakeFiles/la_ola_5.dir/C_/Users/Windows_10/Documents/Pico/pico-sdk/src/rp2_common/pico_standard_link/crt0.S.obj
 .debug_abbrev  0x00003270       0xad CMakeFiles/la_ola_5.dir/C_/Users/Windows_10/Documents/Pico/pico-sdk/src/rp2_common/pico_standard_link/binary_info.c.obj
 .debug_abbrev  0x0000331d      0x4a7 CMakeFiles/la_ola_5.dir/C_/Users/Windows_10/Documents/Pico/pico-sdk/src/rp2_common/pico_stdio/stdio.c.obj

.debug_loc      0x00000000     0xbba7
 .debug_loc     0x00000000      0x580 CMakeFiles/la_ola_5.dir/la_ola_5.c.obj
 .debug_loc     0x00000580      0xafe CMakeFiles/la_ola_5.dir/C_/Users/Windows_10/Documents/Pico/pico-sdk/src/rp2_common/hardware_gpio/gpio.c.obj
 .debug_loc     0x0000107e      0x457 CMakeFiles/la_ola_5.dir/C_/Users/Windows_10/Documents/Pico/pico-sdk/src/rp2_common/hardware_claim/claim.c.obj
 .debug_loc     0x000014d5      0x1d7 CMakeFiles/la_ola_5.dir/C_/Users/Windows_10/Documents/Pico/pico-sdk/src/rp2_common/hardware_sync/sync.c.obj
 .debug_loc     0x000016ac       0xe9 CMakeFiles/la_ola_5.dir/C_/Users/Windows_10/Documents/Pico/pico-sdk/src/rp2_common/pico_platform/platform.c.obj
 .debug_loc     0x00001795     0x2c96 CMakeFiles/la_ola_5.dir/C_/Users/Windows_10/Documents/Pico/pico-sdk/src/common/pico_time/time.c.obj
 .debug_loc     0x0000442b      0x8de CMakeFiles/la_ola_5.dir/C_/Users/Windows_10/Documents/Pico/pico-sdk/src/rp2_common/hardware_timer/timer.c.obj
 .debug_loc     0x00004d09       0x60 CMakeFiles/la_ola_5.dir/C_/Users/Windows_10/Documents/Pico/pico-sdk/src/common/pico_sync/lock_core.c.obj
 .debug_loc     0x00004d69      0x6e1 CMakeFiles/la_ola_5.dir/C_/Users/Windows_10/Documents/Pico/pico-sdk/src/common/pico_sync/mutex.c.obj
 .debug_loc     0x0000544a     0x1439 CMakeFiles/la_ola_5.dir/C_/Users/Windows_10/Documents/Pico/pico-sdk/src/common/pico_util/pheap.c.obj
 .debug_loc     0x00006883      0x3c2 CMakeFiles/la_ola_5.dir/C_/Users/Windows_10/Documents/Pico/pico-sdk/src/rp2_common/pico_runtime/runtime.c.obj
 .debug_loc     0x00006c45      0x890 CMakeFiles/la_ola_5.dir/C_/Users/Windows_10/Documents/Pico/pico-sdk/src/rp2_common/hardware_clocks/clocks.c.obj
 .debug_loc     0x000074d5      0x267 CMakeFiles/la_ola_5.dir/C_/Users/Windows_10/Documents/Pico/pico-sdk/src/rp2_common/hardware_watchdog/watchdog.c.obj
 .debug_loc     0x0000773c       0x71 CMakeFiles/la_ola_5.dir/C_/Users/Windows_10/Documents/Pico/pico-sdk/src/rp2_common/hardware_xosc/xosc.c.obj
 .debug_loc     0x000077ad      0x228 CMakeFiles/la_ola_5.dir/C_/Users/Windows_10/Documents/Pico/pico-sdk/src/rp2_common/hardware_pll/pll.c.obj
 .debug_loc     0x000079d5     0x14f1 CMakeFiles/la_ola_5.dir/C_/Users/Windows_10/Documents/Pico/pico-sdk/src/rp2_common/hardware_irq/irq.c.obj
 .debug_loc     0x00008ec6     0x2095 CMakeFiles/la_ola_5.dir/C_/Users/Windows_10/Documents/Pico/pico-sdk/src/rp2_common/pico_printf/printf.c.obj
 .debug_loc     0x0000af5b      0x16f CMakeFiles/la_ola_5.dir/C_/Users/Windows_10/Documents/Pico/pico-sdk/src/rp2_common/pico_bootrom/bootrom.c.obj
 .debug_loc     0x0000b0ca       0x59 CMakeFiles/la_ola_5.dir/C_/Users/Windows_10/Documents/Pico/pico-sdk/src/rp2_common/pico_double/double_init_rom.c.obj
 .debug_loc     0x0000b123       0x73 CMakeFiles/la_ola_5.dir/C_/Users/Windows_10/Documents/Pico/pico-sdk/src/rp2_common/pico_float/float_init_rom.c.obj
 .debug_loc     0x0000b196      0xa11 CMakeFiles/la_ola_5.dir/C_/Users/Windows_10/Documents/Pico/pico-sdk/src/rp2_common/pico_stdio/stdio.c.obj

.debug_aranges  0x00000000      0xc40
 .debug_aranges
                0x00000000       0x40 CMakeFiles/la_ola_5.dir/la_ola_5.c.obj
 .debug_aranges
                0x00000040       0xa0 CMakeFiles/la_ola_5.dir/C_/Users/Windows_10/Documents/Pico/pico-sdk/src/rp2_common/hardware_gpio/gpio.c.obj
 .debug_aranges
                0x000000e0       0x48 CMakeFiles/la_ola_5.dir/C_/Users/Windows_10/Documents/Pico/pico-sdk/src/rp2_common/hardware_claim/claim.c.obj
 .debug_aranges
                0x00000128       0x50 CMakeFiles/la_ola_5.dir/C_/Users/Windows_10/Documents/Pico/pico-sdk/src/rp2_common/hardware_sync/sync.c.obj
 .debug_aranges
                0x00000178       0x28 CMakeFiles/la_ola_5.dir/C_/Users/Windows_10/Documents/Pico/pico-sdk/src/rp2_common/pico_platform/platform.c.obj
 .debug_aranges
                0x000001a0       0xd0 CMakeFiles/la_ola_5.dir/C_/Users/Windows_10/Documents/Pico/pico-sdk/src/common/pico_time/time.c.obj
 .debug_aranges
                0x00000270       0x68 CMakeFiles/la_ola_5.dir/C_/Users/Windows_10/Documents/Pico/pico-sdk/src/rp2_common/hardware_timer/timer.c.obj
 .debug_aranges
                0x000002d8       0x20 CMakeFiles/la_ola_5.dir/C_/Users/Windows_10/Documents/Pico/pico-sdk/src/common/pico_sync/lock_core.c.obj
 .debug_aranges
                0x000002f8       0x48 CMakeFiles/la_ola_5.dir/C_/Users/Windows_10/Documents/Pico/pico-sdk/src/common/pico_sync/mutex.c.obj
 .debug_aranges
                0x00000340       0x78 CMakeFiles/la_ola_5.dir/C_/Users/Windows_10/Documents/Pico/pico-sdk/src/common/pico_util/pheap.c.obj
 .debug_aranges
                0x000003b8       0x60 CMakeFiles/la_ola_5.dir/C_/Users/Windows_10/Documents/Pico/pico-sdk/src/rp2_common/pico_runtime/runtime.c.obj
 .debug_aranges
                0x00000418       0x70 CMakeFiles/la_ola_5.dir/C_/Users/Windows_10/Documents/Pico/pico-sdk/src/rp2_common/hardware_clocks/clocks.c.obj
 .debug_aranges
                0x00000488       0x50 CMakeFiles/la_ola_5.dir/C_/Users/Windows_10/Documents/Pico/pico-sdk/src/rp2_common/hardware_watchdog/watchdog.c.obj
 .debug_aranges
                0x000004d8       0x30 CMakeFiles/la_ola_5.dir/C_/Users/Windows_10/Documents/Pico/pico-sdk/src/rp2_common/hardware_xosc/xosc.c.obj
 .debug_aranges
                0x00000508       0x28 CMakeFiles/la_ola_5.dir/C_/Users/Windows_10/Documents/Pico/pico-sdk/src/rp2_common/hardware_pll/pll.c.obj
 .debug_aranges
                0x00000530       0x90 CMakeFiles/la_ola_5.dir/C_/Users/Windows_10/Documents/Pico/pico-sdk/src/rp2_common/hardware_irq/irq.c.obj
 .debug_aranges
                0x000005c0       0x20 CMakeFiles/la_ola_5.dir/C_/Users/Windows_10/Documents/Pico/pico-sdk/src/rp2_common/hardware_irq/irq_handler_chain.S.obj
 .debug_aranges
                0x000005e0       0x90 CMakeFiles/la_ola_5.dir/C_/Users/Windows_10/Documents/Pico/pico-sdk/src/rp2_common/pico_printf/printf.c.obj
 .debug_aranges
                0x00000670       0x68 CMakeFiles/la_ola_5.dir/C_/Users/Windows_10/Documents/Pico/pico-sdk/src/rp2_common/pico_bit_ops/bit_ops_aeabi.S.obj
 .debug_aranges
                0x000006d8       0x30 CMakeFiles/la_ola_5.dir/C_/Users/Windows_10/Documents/Pico/pico-sdk/src/rp2_common/pico_bootrom/bootrom.c.obj
 .debug_aranges
                0x00000708       0x40 CMakeFiles/la_ola_5.dir/C_/Users/Windows_10/Documents/Pico/pico-sdk/src/rp2_common/pico_divider/divider.S.obj
 .debug_aranges
                0x00000748      0x140 CMakeFiles/la_ola_5.dir/C_/Users/Windows_10/Documents/Pico/pico-sdk/src/rp2_common/pico_double/double_aeabi.S.obj
 .debug_aranges
                0x00000888       0x20 CMakeFiles/la_ola_5.dir/C_/Users/Windows_10/Documents/Pico/pico-sdk/src/rp2_common/pico_double/double_init_rom.c.obj
 .debug_aranges
                0x000008a8       0xc8 CMakeFiles/la_ola_5.dir/C_/Users/Windows_10/Documents/Pico/pico-sdk/src/rp2_common/pico_double/double_v1_rom_shim.S.obj
 .debug_aranges
                0x00000970      0x130 CMakeFiles/la_ola_5.dir/C_/Users/Windows_10/Documents/Pico/pico-sdk/src/rp2_common/pico_float/float_aeabi.S.obj
 .debug_aranges
                0x00000aa0       0x20 CMakeFiles/la_ola_5.dir/C_/Users/Windows_10/Documents/Pico/pico-sdk/src/rp2_common/pico_float/float_init_rom.c.obj
 .debug_aranges
                0x00000ac0       0x50 CMakeFiles/la_ola_5.dir/C_/Users/Windows_10/Documents/Pico/pico-sdk/src/rp2_common/pico_float/float_v1_rom_shim.S.obj
 .debug_aranges
                0x00000b10       0x38 CMakeFiles/la_ola_5.dir/C_/Users/Windows_10/Documents/Pico/pico-sdk/src/rp2_common/pico_mem_ops/mem_ops_aeabi.S.obj
 .debug_aranges
                0x00000b48       0x28 CMakeFiles/la_ola_5.dir/C_/Users/Windows_10/Documents/Pico/pico-sdk/src/rp2_common/pico_standard_link/crt0.S.obj
 .debug_aranges
                0x00000b70       0x18 CMakeFiles/la_ola_5.dir/C_/Users/Windows_10/Documents/Pico/pico-sdk/src/rp2_common/pico_standard_link/binary_info.c.obj
 .debug_aranges
                0x00000b88       0xb8 CMakeFiles/la_ola_5.dir/C_/Users/Windows_10/Documents/Pico/pico-sdk/src/rp2_common/pico_stdio/stdio.c.obj

.debug_ranges   0x00000000     0x23e8
 .debug_ranges  0x00000000      0x100 CMakeFiles/la_ola_5.dir/la_ola_5.c.obj
 .debug_ranges  0x00000100       0xa8 CMakeFiles/la_ola_5.dir/C_/Users/Windows_10/Documents/Pico/pico-sdk/src/rp2_common/hardware_gpio/gpio.c.obj
 .debug_ranges  0x000001a8       0xd8 CMakeFiles/la_ola_5.dir/C_/Users/Windows_10/Documents/Pico/pico-sdk/src/rp2_common/hardware_claim/claim.c.obj
 .debug_ranges  0x00000280       0xb8 CMakeFiles/la_ola_5.dir/C_/Users/Windows_10/Documents/Pico/pico-sdk/src/rp2_common/hardware_sync/sync.c.obj
 .debug_ranges  0x00000338       0x18 CMakeFiles/la_ola_5.dir/C_/Users/Windows_10/Documents/Pico/pico-sdk/src/rp2_common/pico_platform/platform.c.obj
 .debug_ranges  0x00000350      0xa30 CMakeFiles/la_ola_5.dir/C_/Users/Windows_10/Documents/Pico/pico-sdk/src/common/pico_time/time.c.obj
 .debug_ranges  0x00000d80      0x310 CMakeFiles/la_ola_5.dir/C_/Users/Windows_10/Documents/Pico/pico-sdk/src/rp2_common/hardware_timer/timer.c.obj
 .debug_ranges  0x00001090       0x10 CMakeFiles/la_ola_5.dir/C_/Users/Windows_10/Documents/Pico/pico-sdk/src/common/pico_sync/lock_core.c.obj
 .debug_ranges  0x000010a0      0x3b8 CMakeFiles/la_ola_5.dir/C_/Users/Windows_10/Documents/Pico/pico-sdk/src/common/pico_sync/mutex.c.obj
 .debug_ranges  0x00001458      0x248 CMakeFiles/la_ola_5.dir/C_/Users/Windows_10/Documents/Pico/pico-sdk/src/common/pico_util/pheap.c.obj
 .debug_ranges  0x000016a0       0x68 CMakeFiles/la_ola_5.dir/C_/Users/Windows_10/Documents/Pico/pico-sdk/src/rp2_common/pico_runtime/runtime.c.obj
 .debug_ranges  0x00001708       0x78 CMakeFiles/la_ola_5.dir/C_/Users/Windows_10/Documents/Pico/pico-sdk/src/rp2_common/hardware_clocks/clocks.c.obj
 .debug_ranges  0x00001780       0x40 CMakeFiles/la_ola_5.dir/C_/Users/Windows_10/Documents/Pico/pico-sdk/src/rp2_common/hardware_watchdog/watchdog.c.obj
 .debug_ranges  0x000017c0       0x20 CMakeFiles/la_ola_5.dir/C_/Users/Windows_10/Documents/Pico/pico-sdk/src/rp2_common/hardware_xosc/xosc.c.obj
 .debug_ranges  0x000017e0       0x18 CMakeFiles/la_ola_5.dir/C_/Users/Windows_10/Documents/Pico/pico-sdk/src/rp2_common/hardware_pll/pll.c.obj
 .debug_ranges  0x000017f8      0x470 CMakeFiles/la_ola_5.dir/C_/Users/Windows_10/Documents/Pico/pico-sdk/src/rp2_common/hardware_irq/irq.c.obj