main.c:75:1:__io_putchar	16	static
main.c:81:6:resume	8	static
main.c:86:6:start	8	static
main.c:92:6:stop	8	static
main.c:99:6:handle_command	8	static
main.c:115:6:HAL_UART_RxCpltCallback	24	static
main.c:149:6:HAL_TIM_PeriodElapsedCallback	16	static
main.c:157:6:HAL_GPIO_EXTI_Callback	16	static
main.c:180:5:main	24	static
main.c:231:6:SystemClock_Config	88	static
main.c:276:13:MX_TIM2_Init	32	static
main.c:321:13:MX_USART1_UART_Init	8	static
main.c:352:13:MX_DMA_Init	16	static
main.c:370:13:MX_GPIO_Init	32	static
main.c:403:6:Error_Handler	4	static,ignoring_inline_asm
